// Jest Snapshot v1, https://goo.gl/fbAQLP

exports[`list-origin: list-origin 1`] = `
Object {
  "attrs": Object {},
  "children": Array [
    Object {
      "attrs": Object {},
      "children": Array [
        Object {
          "attrs": Object {},
          "children": Array [
            Object {
              "attrs": Object {
                "text": "卡项权益",
              },
              "children": Array [],
              "frame": Object {
                "height": 16,
                "width": 64,
                "x": 22,
                "y": 288,
              },
              "points": Array [
                Object {
                  "x": 22,
                  "y": 288,
                },
                Object {
                  "x": 86,
                  "y": 288,
                },
                Object {
                  "x": 86,
                  "y": 304,
                },
                Object {
                  "x": 22,
                  "y": 304,
                },
                Object {
                  "x": 54,
                  "y": 296,
                },
              ],
              "style": Object {
                "color": "#333333ff",
                "fontSize": 16,
                "fontWeight": 5,
                "letterSpacing": 0,
                "lineHeight": 16,
              },
              "type": "Text",
            },
            Object {
              "attrs": Object {},
              "children": Array [],
              "frame": Object {
                "height": 16,
                "width": 2,
                "x": 12,
                "y": 288,
              },
              "points": Array [
                Object {
                  "x": 12,
                  "y": 288,
                },
                Object {
                  "x": 14,
                  "y": 288,
                },
                Object {
                  "x": 14,
                  "y": 304,
                },
                Object {
                  "x": 12,
                  "y": 304,
                },
                Object {
                  "x": 13,
                  "y": 296,
                },
              ],
              "style": Object {
                "backgroundColor": "#ff6600ff",
              },
              "type": "Block",
            },
          ],
          "frame": Object {
            "height": 16,
            "width": 74,
            "x": 12,
            "y": 288,
          },
          "points": Array [
            Object {
              "x": 12,
              "y": 288,
            },
            Object {
              "x": 86,
              "y": 288,
            },
            Object {
              "x": 86,
              "y": 304,
            },
            Object {
              "x": 12,
              "y": 304,
            },
            Object {
              "x": 49,
              "y": 296,
            },
          ],
          "style": Object {},
          "type": "Block",
        },
        Object {
          "attrs": Object {
            "text": "美容服务",
          },
          "children": Array [],
          "frame": Object {
            "height": 14,
            "width": 56,
            "x": 12,
            "y": 320,
          },
          "points": Array [
            Object {
              "x": 12,
              "y": 320,
            },
            Object {
              "x": 68,
              "y": 320,
            },
            Object {
              "x": 68,
              "y": 334,
            },
            Object {
              "x": 12,
              "y": 334,
            },
            Object {
              "x": 40,
              "y": 327,
            },
          ],
          "style": Object {
            "alignSelf": "flex-start",
            "color": "#333333ff",
            "fontSize": 14,
            "fontWeight": 5,
            "letterSpacing": 0,
            "lineHeight": 14,
          },
          "type": "Text",
        },
      ],
      "frame": Object {
        "height": 46,
        "width": 74,
        "x": 12,
        "y": 288,
      },
      "points": Array [
        Object {
          "x": 12,
          "y": 288,
        },
        Object {
          "x": 86,
          "y": 288,
        },
        Object {
          "x": 86,
          "y": 334,
        },
        Object {
          "x": 12,
          "y": 334,
        },
        Object {
          "x": 49,
          "y": 311,
        },
      ],
      "style": Object {
        "alignItems": "center",
        "alignSelf": "flex-start",
        "flexDirection": "column",
        "justifyContent": "flex-start",
        "paddingTop": 0,
      },
      "type": "Block",
    },
    Object {
      "attrs": Object {},
      "children": Array [
        Object {
          "attrs": Object {},
          "children": Array [
            Object {
              "attrs": Object {
                "text": "凶悍大叔洗澡",
              },
              "children": Array [],
              "frame": Object {
                "height": 14,
                "width": 84,
                "x": 12,
                "y": 342,
              },
              "points": Array [
                Object {
                  "x": 12,
                  "y": 342,
                },
                Object {
                  "x": 96,
                  "y": 342,
                },
                Object {
                  "x": 96,
                  "y": 356,
                },
                Object {
                  "x": 12,
                  "y": 356,
                },
                Object {
                  "x": 54,
                  "y": 349,
                },
              ],
              "style": Object {
                "color": "#a3a3a3ff",
                "fontSize": 14,
                "fontWeight": 5,
                "letterSpacing": 0,
                "lineHeight": 14,
              },
              "type": "Text",
            },
            Object {
              "attrs": Object {
                "text": "×10",
              },
              "children": Array [],
              "frame": Object {
                "height": 14,
                "width": 23,
                "x": 340,
                "y": 342,
              },
              "points": Array [
                Object {
                  "x": 340,
                  "y": 342,
                },
                Object {
                  "x": 363,
                  "y": 342,
                },
                Object {
                  "x": 363,
                  "y": 356,
                },
                Object {
                  "x": 340,
                  "y": 356,
                },
                Object {
                  "x": 351.5,
                  "y": 349,
                },
              ],
              "style": Object {
                "color": "#333333ff",
                "fontSize": 14,
                "fontWeight": 5,
                "letterSpacing": 0,
                "lineHeight": 14,
              },
              "type": "Text",
            },
          ],
          "frame": Object {
            "height": 14,
            "width": 351,
            "x": 12,
            "y": 342,
          },
          "points": Array [
            Object {
              "x": 12,
              "y": 342,
            },
            Object {
              "x": 363,
              "y": 342,
            },
            Object {
              "x": 363,
              "y": 356,
            },
            Object {
              "x": 12,
              "y": 356,
            },
            Object {
              "x": 187.5,
              "y": 349,
            },
          ],
          "style": Object {},
          "type": "Block",
        },
        Object {
          "attrs": Object {},
          "children": Array [
            Object {
              "attrs": Object {
                "text": "温柔小姐姐做造型",
              },
              "children": Array [],
              "frame": Object {
                "height": 14,
                "width": 112,
                "x": 12,
                "y": 364,
              },
              "points": Array [
                Object {
                  "x": 12,
                  "y": 364,
                },
                Object {
                  "x": 124,
                  "y": 364,
                },
                Object {
                  "x": 124,
                  "y": 378,
                },
                Object {
                  "x": 12,
                  "y": 378,
                },
                Object {
                  "x": 68,
                  "y": 371,
                },
              ],
              "style": Object {
                "color": "#a3a3a3ff",
                "fontSize": 14,
                "fontWeight": 5,
                "letterSpacing": 0,
                "lineHeight": 14,
              },
              "type": "Text",
            },
            Object {
              "attrs": Object {
                "text": "×8",
              },
              "children": Array [],
              "frame": Object {
                "height": 14,
                "width": 17,
                "x": 346,
                "y": 364,
              },
              "points": Array [
                Object {
                  "x": 346,
                  "y": 364,
                },
                Object {
                  "x": 363,
                  "y": 364,
                },
                Object {
                  "x": 363,
                  "y": 378,
                },
                Object {
                  "x": 346,
                  "y": 378,
                },
                Object {
                  "x": 354.5,
                  "y": 371,
                },
              ],
              "style": Object {
                "color": "#333333ff",
                "fontSize": 14,
                "fontWeight": 5,
                "letterSpacing": 0,
                "lineHeight": 14,
              },
              "type": "Text",
            },
          ],
          "frame": Object {
            "height": 14,
            "width": 351,
            "x": 12,
            "y": 364,
          },
          "points": Array [
            Object {
              "x": 12,
              "y": 364,
            },
            Object {
              "x": 363,
              "y": 364,
            },
            Object {
              "x": 363,
              "y": 378,
            },
            Object {
              "x": 12,
              "y": 378,
            },
            Object {
              "x": 187.5,
              "y": 371,
            },
          ],
          "style": Object {},
          "type": "Block",
        },
        Object {
          "attrs": Object {},
          "children": Array [
            Object {
              "attrs": Object {
                "text": "精油美毛",
              },
              "children": Array [],
              "frame": Object {
                "height": 14,
                "width": 56,
                "x": 12,
                "y": 386,
              },
              "points": Array [
                Object {
                  "x": 12,
                  "y": 386,
                },
                Object {
                  "x": 68,
                  "y": 386,
                },
                Object {
                  "x": 68,
                  "y": 400,
                },
                Object {
                  "x": 12,
                  "y": 400,
                },
                Object {
                  "x": 40,
                  "y": 393,
                },
              ],
              "style": Object {
                "color": "#a3a3a3ff",
                "fontSize": 14,
                "fontWeight": 5,
                "letterSpacing": 0,
                "lineHeight": 14,
              },
              "type": "Text",
            },
            Object {
              "attrs": Object {
                "text": "×12",
              },
              "children": Array [],
              "frame": Object {
                "height": 14,
                "width": 23,
                "x": 340,
                "y": 386,
              },
              "points": Array [
                Object {
                  "x": 340,
                  "y": 386,
                },
                Object {
                  "x": 363,
                  "y": 386,
                },
                Object {
                  "x": 363,
                  "y": 400,
                },
                Object {
                  "x": 340,
                  "y": 400,
                },
                Object {
                  "x": 351.5,
                  "y": 393,
                },
              ],
              "style": Object {
                "color": "#333333ff",
                "fontSize": 14,
                "fontWeight": 5,
                "letterSpacing": 0,
                "lineHeight": 14,
              },
              "type": "Text",
            },
          ],
          "frame": Object {
            "height": 14,
            "width": 351,
            "x": 12,
            "y": 386,
          },
          "points": Array [
            Object {
              "x": 12,
              "y": 386,
            },
            Object {
              "x": 363,
              "y": 386,
            },
            Object {
              "x": 363,
              "y": 400,
            },
            Object {
              "x": 12,
              "y": 400,
            },
            Object {
              "x": 187.5,
              "y": 393,
            },
          ],
          "style": Object {},
          "type": "Block",
        },
      ],
      "frame": Object {
        "height": 58,
        "width": 351,
        "x": 12,
        "y": 342,
      },
      "points": Array [
        Object {
          "x": 12,
          "y": 342,
        },
        Object {
          "x": 363,
          "y": 342,
        },
        Object {
          "x": 363,
          "y": 400,
        },
        Object {
          "x": 12,
          "y": 400,
        },
        Object {
          "x": 187.5,
          "y": 371,
        },
      ],
      "style": Object {
        "alignItems": "center",
        "flexDirection": "column",
        "justifyContent": "flex-start",
        "paddingTop": 0,
      },
      "type": "Block",
    },
    Object {
      "attrs": Object {
        "text": "清洁服务",
      },
      "children": Array [],
      "frame": Object {
        "height": 14,
        "width": 56,
        "x": 12,
        "y": 416,
      },
      "points": Array [
        Object {
          "x": 12,
          "y": 416,
        },
        Object {
          "x": 68,
          "y": 416,
        },
        Object {
          "x": 68,
          "y": 430,
        },
        Object {
          "x": 12,
          "y": 430,
        },
        Object {
          "x": 40,
          "y": 423,
        },
      ],
      "style": Object {
        "alignSelf": "flex-start",
        "color": "#333333ff",
        "fontSize": 14,
        "fontWeight": 5,
        "letterSpacing": 0,
        "lineHeight": 14,
      },
      "type": "Text",
    },
    Object {
      "attrs": Object {},
      "children": Array [
        Object {
          "attrs": Object {},
          "children": Array [
            Object {
              "attrs": Object {
                "text": "凶悍大叔洗澡",
              },
              "children": Array [],
              "frame": Object {
                "height": 14,
                "width": 84,
                "x": 12,
                "y": 438,
              },
              "points": Array [
                Object {
                  "x": 12,
                  "y": 438,
                },
                Object {
                  "x": 96,
                  "y": 438,
                },
                Object {
                  "x": 96,
                  "y": 452,
                },
                Object {
                  "x": 12,
                  "y": 452,
                },
                Object {
                  "x": 54,
                  "y": 445,
                },
              ],
              "style": Object {
                "color": "#a3a3a3ff",
                "fontSize": 14,
                "fontWeight": 5,
                "letterSpacing": 0,
                "lineHeight": 14,
              },
              "type": "Text",
            },
            Object {
              "attrs": Object {
                "text": "×10",
              },
              "children": Array [],
              "frame": Object {
                "height": 14,
                "width": 23,
                "x": 340,
                "y": 438,
              },
              "points": Array [
                Object {
                  "x": 340,
                  "y": 438,
                },
                Object {
                  "x": 363,
                  "y": 438,
                },
                Object {
                  "x": 363,
                  "y": 452,
                },
                Object {
                  "x": 340,
                  "y": 452,
                },
                Object {
                  "x": 351.5,
                  "y": 445,
                },
              ],
              "style": Object {
                "color": "#333333ff",
                "fontSize": 14,
                "fontWeight": 5,
                "letterSpacing": 0,
                "lineHeight": 14,
              },
              "type": "Text",
            },
          ],
          "frame": Object {
            "height": 14,
            "width": 351,
            "x": 12,
            "y": 438,
          },
          "points": Array [
            Object {
              "x": 12,
              "y": 438,
            },
            Object {
              "x": 363,
              "y": 438,
            },
            Object {
              "x": 363,
              "y": 452,
            },
            Object {
              "x": 12,
              "y": 452,
            },
            Object {
              "x": 187.5,
              "y": 445,
            },
          ],
          "style": Object {},
          "type": "Block",
        },
        Object {
          "attrs": Object {},
          "children": Array [
            Object {
              "attrs": Object {
                "text": "温柔小姐姐做造型",
              },
              "children": Array [],
              "frame": Object {
                "height": 14,
                "width": 112,
                "x": 12,
                "y": 460,
              },
              "points": Array [
                Object {
                  "x": 12,
                  "y": 460,
                },
                Object {
                  "x": 124,
                  "y": 460,
                },
                Object {
                  "x": 124,
                  "y": 474,
                },
                Object {
                  "x": 12,
                  "y": 474,
                },
                Object {
                  "x": 68,
                  "y": 467,
                },
              ],
              "style": Object {
                "color": "#a3a3a3ff",
                "fontSize": 14,
                "fontWeight": 5,
                "letterSpacing": 0,
                "lineHeight": 14,
              },
              "type": "Text",
            },
            Object {
              "attrs": Object {
                "text": "×8",
              },
              "children": Array [],
              "frame": Object {
                "height": 14,
                "width": 17,
                "x": 346,
                "y": 460,
              },
              "points": Array [
                Object {
                  "x": 346,
                  "y": 460,
                },
                Object {
                  "x": 363,
                  "y": 460,
                },
                Object {
                  "x": 363,
                  "y": 474,
                },
                Object {
                  "x": 346,
                  "y": 474,
                },
                Object {
                  "x": 354.5,
                  "y": 467,
                },
              ],
              "style": Object {
                "color": "#333333ff",
                "fontSize": 14,
                "fontWeight": 5,
                "letterSpacing": 0,
                "lineHeight": 14,
              },
              "type": "Text",
            },
          ],
          "frame": Object {
            "height": 14,
            "width": 351,
            "x": 12,
            "y": 460,
          },
          "points": Array [
            Object {
              "x": 12,
              "y": 460,
            },
            Object {
              "x": 363,
              "y": 460,
            },
            Object {
              "x": 363,
              "y": 474,
            },
            Object {
              "x": 12,
              "y": 474,
            },
            Object {
              "x": 187.5,
              "y": 467,
            },
          ],
          "style": Object {},
          "type": "Block",
        },
      ],
      "frame": Object {
        "height": 36,
        "width": 351,
        "x": 12,
        "y": 438,
      },
      "points": Array [
        Object {
          "x": 12,
          "y": 438,
        },
        Object {
          "x": 363,
          "y": 438,
        },
        Object {
          "x": 363,
          "y": 474,
        },
        Object {
          "x": 12,
          "y": 474,
        },
        Object {
          "x": 187.5,
          "y": 456,
        },
      ],
      "style": Object {
        "alignItems": "center",
        "flexDirection": "column",
        "justifyContent": "flex-start",
        "paddingTop": 0,
      },
      "type": "Block",
    },
  ],
  "frame": Object {
    "height": 186,
    "width": 351,
    "x": 12,
    "y": 288,
  },
  "points": Array [
    Object {
      "x": 12,
      "y": 288,
    },
    Object {
      "x": 363,
      "y": 288,
    },
    Object {
      "x": 363,
      "y": 474,
    },
    Object {
      "x": 12,
      "y": 474,
    },
    Object {
      "x": 187.5,
      "y": 381,
    },
  ],
  "style": Object {
    "alignItems": "center",
    "flexDirection": "column",
    "justifyContent": "flex-start",
    "paddingTop": 0,
  },
  "type": "Block",
}
`;

exports[`list-origin-2: list-origin-2 1`] = `
Object {
  "attrs": Object {},
  "children": Array [
    Object {
      "attrs": Object {},
      "children": Array [
        Object {
          "attrs": Object {},
          "children": Array [
            Object {
              "attrs": Object {
                "text": "卡项权益",
              },
              "children": Array [],
              "frame": Object {
                "height": 16,
                "width": 64,
                "x": 22,
                "y": 288,
              },
              "points": Array [
                Object {
                  "x": 22,
                  "y": 288,
                },
                Object {
                  "x": 86,
                  "y": 288,
                },
                Object {
                  "x": 86,
                  "y": 304,
                },
                Object {
                  "x": 22,
                  "y": 304,
                },
                Object {
                  "x": 54,
                  "y": 296,
                },
              ],
              "style": Object {
                "color": "#333333ff",
                "fontSize": 16,
                "fontWeight": 5,
                "letterSpacing": 0,
                "lineHeight": 16,
              },
              "type": "Text",
            },
            Object {
              "attrs": Object {},
              "children": Array [],
              "frame": Object {
                "height": 16,
                "width": 2,
                "x": 12,
                "y": 288,
              },
              "points": Array [
                Object {
                  "x": 12,
                  "y": 288,
                },
                Object {
                  "x": 14,
                  "y": 288,
                },
                Object {
                  "x": 14,
                  "y": 304,
                },
                Object {
                  "x": 12,
                  "y": 304,
                },
                Object {
                  "x": 13,
                  "y": 296,
                },
              ],
              "style": Object {
                "backgroundColor": "#ff6600ff",
              },
              "type": "Block",
            },
          ],
          "frame": Object {
            "height": 16,
            "width": 74,
            "x": 12,
            "y": 288,
          },
          "points": Array [
            Object {
              "x": 12,
              "y": 288,
            },
            Object {
              "x": 86,
              "y": 288,
            },
            Object {
              "x": 86,
              "y": 304,
            },
            Object {
              "x": 12,
              "y": 304,
            },
            Object {
              "x": 49,
              "y": 296,
            },
          ],
          "style": Object {},
          "type": "Block",
        },
        Object {
          "attrs": Object {
            "text": "美容服务",
          },
          "children": Array [],
          "frame": Object {
            "height": 14,
            "width": 56,
            "x": 12,
            "y": 320,
          },
          "points": Array [
            Object {
              "x": 12,
              "y": 320,
            },
            Object {
              "x": 68,
              "y": 320,
            },
            Object {
              "x": 68,
              "y": 334,
            },
            Object {
              "x": 12,
              "y": 334,
            },
            Object {
              "x": 40,
              "y": 327,
            },
          ],
          "style": Object {
            "alignSelf": "flex-start",
            "color": "#333333ff",
            "fontSize": 14,
            "fontWeight": 5,
            "letterSpacing": 0,
            "lineHeight": 14,
          },
          "type": "Text",
        },
      ],
      "frame": Object {
        "height": 46,
        "width": 74,
        "x": 12,
        "y": 288,
      },
      "points": Array [
        Object {
          "x": 12,
          "y": 288,
        },
        Object {
          "x": 86,
          "y": 288,
        },
        Object {
          "x": 86,
          "y": 334,
        },
        Object {
          "x": 12,
          "y": 334,
        },
        Object {
          "x": 49,
          "y": 311,
        },
      ],
      "style": Object {
        "alignItems": "center",
        "alignSelf": "flex-start",
        "flexDirection": "column",
        "justifyContent": "flex-start",
        "paddingTop": 0,
      },
      "type": "Block",
    },
    Object {
      "attrs": Object {},
      "children": Array [
        Object {
          "attrs": Object {},
          "children": Array [
            Object {
              "attrs": Object {
                "text": "凶悍大叔洗澡",
              },
              "children": Array [],
              "frame": Object {
                "height": 14,
                "width": 84,
                "x": 12,
                "y": 342,
              },
              "points": Array [
                Object {
                  "x": 12,
                  "y": 342,
                },
                Object {
                  "x": 96,
                  "y": 342,
                },
                Object {
                  "x": 96,
                  "y": 356,
                },
                Object {
                  "x": 12,
                  "y": 356,
                },
                Object {
                  "x": 54,
                  "y": 349,
                },
              ],
              "style": Object {
                "color": "#a3a3a3ff",
                "fontSize": 14,
                "fontWeight": 5,
                "letterSpacing": 0,
                "lineHeight": 14,
              },
              "type": "Text",
            },
            Object {
              "attrs": Object {
                "text": "×10",
              },
              "children": Array [],
              "frame": Object {
                "height": 14,
                "width": 23,
                "x": 340,
                "y": 342,
              },
              "points": Array [
                Object {
                  "x": 340,
                  "y": 342,
                },
                Object {
                  "x": 363,
                  "y": 342,
                },
                Object {
                  "x": 363,
                  "y": 356,
                },
                Object {
                  "x": 340,
                  "y": 356,
                },
                Object {
                  "x": 351.5,
                  "y": 349,
                },
              ],
              "style": Object {
                "color": "#333333ff",
                "fontSize": 14,
                "fontWeight": 5,
                "letterSpacing": 0,
                "lineHeight": 14,
              },
              "type": "Text",
            },
          ],
          "frame": Object {
            "height": 14,
            "width": 351,
            "x": 12,
            "y": 342,
          },
          "points": Array [
            Object {
              "x": 12,
              "y": 342,
            },
            Object {
              "x": 363,
              "y": 342,
            },
            Object {
              "x": 363,
              "y": 356,
            },
            Object {
              "x": 12,
              "y": 356,
            },
            Object {
              "x": 187.5,
              "y": 349,
            },
          ],
          "style": Object {},
          "type": "Block",
        },
        Object {
          "attrs": Object {},
          "children": Array [
            Object {
              "attrs": Object {
                "text": "温柔小姐姐做造型",
              },
              "children": Array [],
              "frame": Object {
                "height": 14,
                "width": 112,
                "x": 12,
                "y": 364,
              },
              "points": Array [
                Object {
                  "x": 12,
                  "y": 364,
                },
                Object {
                  "x": 124,
                  "y": 364,
                },
                Object {
                  "x": 124,
                  "y": 378,
                },
                Object {
                  "x": 12,
                  "y": 378,
                },
                Object {
                  "x": 68,
                  "y": 371,
                },
              ],
              "style": Object {
                "color": "#a3a3a3ff",
                "fontSize": 14,
                "fontWeight": 5,
                "letterSpacing": 0,
                "lineHeight": 14,
              },
              "type": "Text",
            },
            Object {
              "attrs": Object {
                "text": "×8",
              },
              "children": Array [],
              "frame": Object {
                "height": 14,
                "width": 17,
                "x": 346,
                "y": 364,
              },
              "points": Array [
                Object {
                  "x": 346,
                  "y": 364,
                },
                Object {
                  "x": 363,
                  "y": 364,
                },
                Object {
                  "x": 363,
                  "y": 378,
                },
                Object {
                  "x": 346,
                  "y": 378,
                },
                Object {
                  "x": 354.5,
                  "y": 371,
                },
              ],
              "style": Object {
                "color": "#333333ff",
                "fontSize": 14,
                "fontWeight": 5,
                "letterSpacing": 0,
                "lineHeight": 14,
              },
              "type": "Text",
            },
          ],
          "frame": Object {
            "height": 14,
            "width": 351,
            "x": 12,
            "y": 364,
          },
          "points": Array [
            Object {
              "x": 12,
              "y": 364,
            },
            Object {
              "x": 363,
              "y": 364,
            },
            Object {
              "x": 363,
              "y": 378,
            },
            Object {
              "x": 12,
              "y": 378,
            },
            Object {
              "x": 187.5,
              "y": 371,
            },
          ],
          "style": Object {},
          "type": "Block",
        },
        Object {
          "attrs": Object {},
          "children": Array [
            Object {
              "attrs": Object {
                "text": "精油美毛",
              },
              "children": Array [],
              "frame": Object {
                "height": 14,
                "width": 56,
                "x": 12,
                "y": 386,
              },
              "points": Array [
                Object {
                  "x": 12,
                  "y": 386,
                },
                Object {
                  "x": 68,
                  "y": 386,
                },
                Object {
                  "x": 68,
                  "y": 400,
                },
                Object {
                  "x": 12,
                  "y": 400,
                },
                Object {
                  "x": 40,
                  "y": 393,
                },
              ],
              "style": Object {
                "color": "#a3a3a3ff",
                "fontSize": 14,
                "fontWeight": 5,
                "letterSpacing": 0,
                "lineHeight": 14,
              },
              "type": "Text",
            },
            Object {
              "attrs": Object {
                "text": "×12",
              },
              "children": Array [],
              "frame": Object {
                "height": 14,
                "width": 23,
                "x": 340,
                "y": 386,
              },
              "points": Array [
                Object {
                  "x": 340,
                  "y": 386,
                },
                Object {
                  "x": 363,
                  "y": 386,
                },
                Object {
                  "x": 363,
                  "y": 400,
                },
                Object {
                  "x": 340,
                  "y": 400,
                },
                Object {
                  "x": 351.5,
                  "y": 393,
                },
              ],
              "style": Object {
                "color": "#333333ff",
                "fontSize": 14,
                "fontWeight": 5,
                "letterSpacing": 0,
                "lineHeight": 14,
              },
              "type": "Text",
            },
          ],
          "frame": Object {
            "height": 14,
            "width": 351,
            "x": 12,
            "y": 386,
          },
          "points": Array [
            Object {
              "x": 12,
              "y": 386,
            },
            Object {
              "x": 363,
              "y": 386,
            },
            Object {
              "x": 363,
              "y": 400,
            },
            Object {
              "x": 12,
              "y": 400,
            },
            Object {
              "x": 187.5,
              "y": 393,
            },
          ],
          "style": Object {},
          "type": "Block",
        },
      ],
      "frame": Object {
        "height": 58,
        "width": 351,
        "x": 12,
        "y": 342,
      },
      "points": Array [
        Object {
          "x": 12,
          "y": 342,
        },
        Object {
          "x": 363,
          "y": 342,
        },
        Object {
          "x": 363,
          "y": 400,
        },
        Object {
          "x": 12,
          "y": 400,
        },
        Object {
          "x": 187.5,
          "y": 371,
        },
      ],
      "style": Object {
        "alignItems": "center",
        "flexDirection": "column",
        "justifyContent": "flex-start",
        "paddingTop": 0,
      },
      "type": "Block",
    },
    Object {
      "attrs": Object {
        "text": "清洁服务",
      },
      "children": Array [],
      "frame": Object {
        "height": 14,
        "width": 56,
        "x": 12,
        "y": 416,
      },
      "points": Array [
        Object {
          "x": 12,
          "y": 416,
        },
        Object {
          "x": 68,
          "y": 416,
        },
        Object {
          "x": 68,
          "y": 430,
        },
        Object {
          "x": 12,
          "y": 430,
        },
        Object {
          "x": 40,
          "y": 423,
        },
      ],
      "style": Object {
        "alignSelf": "flex-start",
        "color": "#333333ff",
        "fontSize": 14,
        "fontWeight": 5,
        "letterSpacing": 0,
        "lineHeight": 14,
      },
      "type": "Text",
    },
    Object {
      "attrs": Object {},
      "children": Array [
        Object {
          "attrs": Object {},
          "children": Array [
            Object {
              "attrs": Object {
                "text": "凶悍大叔洗澡",
              },
              "children": Array [],
              "frame": Object {
                "height": 14,
                "width": 84,
                "x": 12,
                "y": 438,
              },
              "points": Array [
                Object {
                  "x": 12,
                  "y": 438,
                },
                Object {
                  "x": 96,
                  "y": 438,
                },
                Object {
                  "x": 96,
                  "y": 452,
                },
                Object {
                  "x": 12,
                  "y": 452,
                },
                Object {
                  "x": 54,
                  "y": 445,
                },
              ],
              "style": Object {
                "color": "#a3a3a3ff",
                "fontSize": 14,
                "fontWeight": 5,
                "letterSpacing": 0,
                "lineHeight": 14,
              },
              "type": "Text",
            },
            Object {
              "attrs": Object {
                "text": "×10",
              },
              "children": Array [],
              "frame": Object {
                "height": 14,
                "width": 23,
                "x": 340,
                "y": 438,
              },
              "points": Array [
                Object {
                  "x": 340,
                  "y": 438,
                },
                Object {
                  "x": 363,
                  "y": 438,
                },
                Object {
                  "x": 363,
                  "y": 452,
                },
                Object {
                  "x": 340,
                  "y": 452,
                },
                Object {
                  "x": 351.5,
                  "y": 445,
                },
              ],
              "style": Object {
                "color": "#333333ff",
                "fontSize": 14,
                "fontWeight": 5,
                "letterSpacing": 0,
                "lineHeight": 14,
              },
              "type": "Text",
            },
          ],
          "frame": Object {
            "height": 14,
            "width": 351,
            "x": 12,
            "y": 438,
          },
          "points": Array [
            Object {
              "x": 12,
              "y": 438,
            },
            Object {
              "x": 363,
              "y": 438,
            },
            Object {
              "x": 363,
              "y": 452,
            },
            Object {
              "x": 12,
              "y": 452,
            },
            Object {
              "x": 187.5,
              "y": 445,
            },
          ],
          "style": Object {},
          "type": "Block",
        },
        Object {
          "attrs": Object {},
          "children": Array [
            Object {
              "attrs": Object {
                "text": "温柔小姐姐做造型",
              },
              "children": Array [],
              "frame": Object {
                "height": 14,
                "width": 112,
                "x": 12,
                "y": 460,
              },
              "points": Array [
                Object {
                  "x": 12,
                  "y": 460,
                },
                Object {
                  "x": 124,
                  "y": 460,
                },
                Object {
                  "x": 124,
                  "y": 474,
                },
                Object {
                  "x": 12,
                  "y": 474,
                },
                Object {
                  "x": 68,
                  "y": 467,
                },
              ],
              "style": Object {
                "color": "#a3a3a3ff",
                "fontSize": 14,
                "fontWeight": 5,
                "letterSpacing": 0,
                "lineHeight": 14,
              },
              "type": "Text",
            },
            Object {
              "attrs": Object {
                "text": "×8",
              },
              "children": Array [],
              "frame": Object {
                "height": 14,
                "width": 17,
                "x": 346,
                "y": 460,
              },
              "points": Array [
                Object {
                  "x": 346,
                  "y": 460,
                },
                Object {
                  "x": 363,
                  "y": 460,
                },
                Object {
                  "x": 363,
                  "y": 474,
                },
                Object {
                  "x": 346,
                  "y": 474,
                },
                Object {
                  "x": 354.5,
                  "y": 467,
                },
              ],
              "style": Object {
                "color": "#333333ff",
                "fontSize": 14,
                "fontWeight": 5,
                "letterSpacing": 0,
                "lineHeight": 14,
              },
              "type": "Text",
            },
          ],
          "frame": Object {
            "height": 14,
            "width": 351,
            "x": 12,
            "y": 460,
          },
          "points": Array [
            Object {
              "x": 12,
              "y": 460,
            },
            Object {
              "x": 363,
              "y": 460,
            },
            Object {
              "x": 363,
              "y": 474,
            },
            Object {
              "x": 12,
              "y": 474,
            },
            Object {
              "x": 187.5,
              "y": 467,
            },
          ],
          "style": Object {},
          "type": "Block",
        },
      ],
      "frame": Object {
        "height": 36,
        "width": 351,
        "x": 12,
        "y": 438,
      },
      "points": Array [
        Object {
          "x": 12,
          "y": 438,
        },
        Object {
          "x": 363,
          "y": 438,
        },
        Object {
          "x": 363,
          "y": 474,
        },
        Object {
          "x": 12,
          "y": 474,
        },
        Object {
          "x": 187.5,
          "y": 456,
        },
      ],
      "style": Object {
        "alignItems": "center",
        "flexDirection": "column",
        "justifyContent": "flex-start",
        "paddingTop": 0,
      },
      "type": "Block",
    },
  ],
  "frame": Object {
    "height": 186,
    "width": 351,
    "x": 12,
    "y": 288,
  },
  "points": Array [
    Object {
      "x": 12,
      "y": 288,
    },
    Object {
      "x": 363,
      "y": 288,
    },
    Object {
      "x": 363,
      "y": 474,
    },
    Object {
      "x": 12,
      "y": 474,
    },
    Object {
      "x": 187.5,
      "y": 381,
    },
  ],
  "style": Object {
    "alignItems": "center",
    "flexDirection": "column",
    "justifyContent": "flex-start",
    "paddingTop": 0,
  },
  "type": "Block",
}
`;

exports[`list-origin-3: list-origin-3 1`] = `
Object {
  "attrs": Object {},
  "children": Array [
    Object {
      "attrs": Object {},
      "children": Array [
        Object {
          "attrs": Object {},
          "children": Array [
            Object {
              "attrs": Object {},
              "children": Array [
                Object {
                  "attrs": Object {
                    "text": "黑金VIP黄金卡",
                  },
                  "children": Array [],
                  "frame": Object {
                    "height": 14,
                    "width": 146,
                    "x": 24,
                    "y": 116,
                  },
                  "points": Array [
                    Object {
                      "x": 24,
                      "y": 116,
                    },
                    Object {
                      "x": 170,
                      "y": 116,
                    },
                    Object {
                      "x": 170,
                      "y": 130,
                    },
                    Object {
                      "x": 24,
                      "y": 130,
                    },
                    Object {
                      "x": 97,
                      "y": 123,
                    },
                  ],
                  "style": Object {
                    "color": "#ffffffff",
                    "fontSize": 14,
                    "fontWeight": 5,
                    "letterSpacing": 0,
                    "lineHeight": 14,
                  },
                  "type": "Text",
                },
                Object {
                  "attrs": Object {},
                  "children": Array [
                    Object {
                      "attrs": Object {
                        "text": "¥8848",
                      },
                      "children": Array [],
                      "frame": Object {
                        "height": 16,
                        "width": 48,
                        "x": 24,
                        "y": 138,
                      },
                      "points": Array [
                        Object {
                          "x": 24,
                          "y": 138,
                        },
                        Object {
                          "x": 72,
                          "y": 138,
                        },
                        Object {
                          "x": 72,
                          "y": 154,
                        },
                        Object {
                          "x": 24,
                          "y": 154,
                        },
                        Object {
                          "x": 48,
                          "y": 146,
                        },
                      ],
                      "style": Object {
                        "color": "#fff684ff",
                        "fontSize": 16,
                        "fontWeight": 5,
                        "letterSpacing": 0,
                        "lineHeight": 16,
                      },
                      "type": "Text",
                    },
                    Object {
                      "attrs": Object {
                        "text": "永久有效",
                      },
                      "children": Array [],
                      "frame": Object {
                        "height": 12,
                        "width": 48,
                        "x": 24,
                        "y": 172,
                      },
                      "points": Array [
                        Object {
                          "x": 24,
                          "y": 172,
                        },
                        Object {
                          "x": 72,
                          "y": 172,
                        },
                        Object {
                          "x": 72,
                          "y": 184,
                        },
                        Object {
                          "x": 24,
                          "y": 184,
                        },
                        Object {
                          "x": 48,
                          "y": 178,
                        },
                      ],
                      "style": Object {
                        "color": "#ffffffff",
                        "fontSize": 12,
                        "fontWeight": 5,
                        "letterSpacing": 0,
                        "lineHeight": 12,
                      },
                      "type": "Text",
                    },
                  ],
                  "frame": Object {
                    "height": 46,
                    "width": 48,
                    "x": 24,
                    "y": 138,
                  },
                  "points": Array [
                    Object {
                      "x": 24,
                      "y": 138,
                    },
                    Object {
                      "x": 72,
                      "y": 138,
                    },
                    Object {
                      "x": 72,
                      "y": 184,
                    },
                    Object {
                      "x": 24,
                      "y": 184,
                    },
                    Object {
                      "x": 48,
                      "y": 161,
                    },
                  ],
                  "style": Object {
                    "alignItems": "center",
                    "alignSelf": "flex-start",
                    "flexDirection": "column",
                    "justifyContent": "flex-start",
                    "paddingTop": 0,
                  },
                  "type": "Block",
                },
              ],
              "frame": Object {
                "height": 68,
                "width": 146,
                "x": 24,
                "y": 116,
              },
              "points": Array [
                Object {
                  "x": 24,
                  "y": 116,
                },
                Object {
                  "x": 170,
                  "y": 116,
                },
                Object {
                  "x": 170,
                  "y": 184,
                },
                Object {
                  "x": 24,
                  "y": 184,
                },
                Object {
                  "x": 97,
                  "y": 150,
                },
              ],
              "style": Object {
                "alignItems": "center",
                "flexDirection": "column",
                "justifyContent": "flex-start",
                "paddingTop": 0,
              },
              "type": "Block",
            },
            Object {
              "attrs": Object {},
              "children": Array [
                Object {
                  "attrs": Object {
                    "text": "粉丝珍爱卡",
                  },
                  "children": Array [],
                  "frame": Object {
                    "height": 14,
                    "width": 146,
                    "x": 205,
                    "y": 116,
                  },
                  "points": Array [
                    Object {
                      "x": 205,
                      "y": 116,
                    },
                    Object {
                      "x": 351,
                      "y": 116,
                    },
                    Object {
                      "x": 351,
                      "y": 130,
                    },
                    Object {
                      "x": 205,
                      "y": 130,
                    },
                    Object {
                      "x": 278,
                      "y": 123,
                    },
                  ],
                  "style": Object {
                    "color": "#ffffffff",
                    "fontSize": 14,
                    "fontWeight": 5,
                    "letterSpacing": 0,
                    "lineHeight": 14,
                  },
                  "type": "Text",
                },
                Object {
                  "attrs": Object {},
                  "children": Array [
                    Object {
                      "attrs": Object {
                        "text": "¥800",
                      },
                      "children": Array [],
                      "frame": Object {
                        "height": 16,
                        "width": 39,
                        "x": 205,
                        "y": 138,
                      },
                      "points": Array [
                        Object {
                          "x": 205,
                          "y": 138,
                        },
                        Object {
                          "x": 244,
                          "y": 138,
                        },
                        Object {
                          "x": 244,
                          "y": 154,
                        },
                        Object {
                          "x": 205,
                          "y": 154,
                        },
                        Object {
                          "x": 224.5,
                          "y": 146,
                        },
                      ],
                      "style": Object {
                        "alignSelf": "flex-start",
                        "color": "#fff684ff",
                        "fontSize": 16,
                        "fontWeight": 5,
                        "letterSpacing": 0,
                        "lineHeight": 16,
                      },
                      "type": "Text",
                    },
                    Object {
                      "attrs": Object {
                        "text": "365天内有效",
                      },
                      "children": Array [],
                      "frame": Object {
                        "height": 12,
                        "width": 70,
                        "x": 205,
                        "y": 172,
                      },
                      "points": Array [
                        Object {
                          "x": 205,
                          "y": 172,
                        },
                        Object {
                          "x": 275,
                          "y": 172,
                        },
                        Object {
                          "x": 275,
                          "y": 184,
                        },
                        Object {
                          "x": 205,
                          "y": 184,
                        },
                        Object {
                          "x": 240,
                          "y": 178,
                        },
                      ],
                      "style": Object {
                        "color": "#ffffffff",
                        "fontSize": 12,
                        "fontWeight": 5,
                        "letterSpacing": 0,
                        "lineHeight": 12,
                      },
                      "type": "Text",
                    },
                  ],
                  "frame": Object {
                    "height": 46,
                    "width": 70,
                    "x": 205,
                    "y": 138,
                  },
                  "points": Array [
                    Object {
                      "x": 205,
                      "y": 138,
                    },
                    Object {
                      "x": 275,
                      "y": 138,
                    },
                    Object {
                      "x": 275,
                      "y": 184,
                    },
                    Object {
                      "x": 205,
                      "y": 184,
                    },
                    Object {
                      "x": 240,
                      "y": 161,
                    },
                  ],
                  "style": Object {
                    "alignItems": "center",
                    "alignSelf": "flex-start",
                    "flexDirection": "column",
                    "justifyContent": "flex-start",
                    "paddingTop": 0,
                  },
                  "type": "Block",
                },
              ],
              "frame": Object {
                "height": 68,
                "width": 146,
                "x": 205,
                "y": 116,
              },
              "points": Array [
                Object {
                  "x": 205,
                  "y": 116,
                },
                Object {
                  "x": 351,
                  "y": 116,
                },
                Object {
                  "x": 351,
                  "y": 184,
                },
                Object {
                  "x": 205,
                  "y": 184,
                },
                Object {
                  "x": 278,
                  "y": 150,
                },
              ],
              "style": Object {
                "alignItems": "center",
                "flexDirection": "column",
                "justifyContent": "flex-start",
                "paddingTop": 0,
              },
              "type": "Block",
            },
          ],
          "frame": Object {
            "height": 96,
            "width": 351,
            "x": 12,
            "y": 100,
          },
          "points": Array [
            Object {
              "x": 12,
              "y": 100,
            },
            Object {
              "x": 363,
              "y": 100,
            },
            Object {
              "x": 363,
              "y": 196,
            },
            Object {
              "x": 12,
              "y": 196,
            },
            Object {
              "x": 187.5,
              "y": 148,
            },
          ],
          "style": Object {},
          "type": "Block",
        },
        Object {
          "attrs": Object {},
          "children": Array [
            Object {
              "attrs": Object {},
              "children": Array [
                Object {
                  "attrs": Object {
                    "text": "黑金VIP黄金卡",
                  },
                  "children": Array [],
                  "frame": Object {
                    "height": 14,
                    "width": 146,
                    "x": 24,
                    "y": 224,
                  },
                  "points": Array [
                    Object {
                      "x": 24,
                      "y": 224,
                    },
                    Object {
                      "x": 170,
                      "y": 224,
                    },
                    Object {
                      "x": 170,
                      "y": 238,
                    },
                    Object {
                      "x": 24,
                      "y": 238,
                    },
                    Object {
                      "x": 97,
                      "y": 231,
                    },
                  ],
                  "style": Object {
                    "color": "#ffffffff",
                    "fontSize": 14,
                    "fontWeight": 5,
                    "letterSpacing": 0,
                    "lineHeight": 14,
                  },
                  "type": "Text",
                },
                Object {
                  "attrs": Object {},
                  "children": Array [
                    Object {
                      "attrs": Object {
                        "text": "¥8848",
                      },
                      "children": Array [],
                      "frame": Object {
                        "height": 16,
                        "width": 48,
                        "x": 24,
                        "y": 246,
                      },
                      "points": Array [
                        Object {
                          "x": 24,
                          "y": 246,
                        },
                        Object {
                          "x": 72,
                          "y": 246,
                        },
                        Object {
                          "x": 72,
                          "y": 262,
                        },
                        Object {
                          "x": 24,
                          "y": 262,
                        },
                        Object {
                          "x": 48,
                          "y": 254,
                        },
                      ],
                      "style": Object {
                        "color": "#fff684ff",
                        "fontSize": 16,
                        "fontWeight": 5,
                        "letterSpacing": 0,
                        "lineHeight": 16,
                      },
                      "type": "Text",
                    },
                    Object {
                      "attrs": Object {
                        "text": "永久有效",
                      },
                      "children": Array [],
                      "frame": Object {
                        "height": 12,
                        "width": 48,
                        "x": 24,
                        "y": 280,
                      },
                      "points": Array [
                        Object {
                          "x": 24,
                          "y": 280,
                        },
                        Object {
                          "x": 72,
                          "y": 280,
                        },
                        Object {
                          "x": 72,
                          "y": 292,
                        },
                        Object {
                          "x": 24,
                          "y": 292,
                        },
                        Object {
                          "x": 48,
                          "y": 286,
                        },
                      ],
                      "style": Object {
                        "color": "#ffffffff",
                        "fontSize": 12,
                        "fontWeight": 5,
                        "letterSpacing": 0,
                        "lineHeight": 12,
                      },
                      "type": "Text",
                    },
                  ],
                  "frame": Object {
                    "height": 46,
                    "width": 48,
                    "x": 24,
                    "y": 246,
                  },
                  "points": Array [
                    Object {
                      "x": 24,
                      "y": 246,
                    },
                    Object {
                      "x": 72,
                      "y": 246,
                    },
                    Object {
                      "x": 72,
                      "y": 292,
                    },
                    Object {
                      "x": 24,
                      "y": 292,
                    },
                    Object {
                      "x": 48,
                      "y": 269,
                    },
                  ],
                  "style": Object {
                    "alignItems": "center",
                    "alignSelf": "flex-start",
                    "flexDirection": "column",
                    "justifyContent": "flex-start",
                    "paddingTop": 0,
                  },
                  "type": "Block",
                },
              ],
              "frame": Object {
                "height": 68,
                "width": 146,
                "x": 24,
                "y": 224,
              },
              "points": Array [
                Object {
                  "x": 24,
                  "y": 224,
                },
                Object {
                  "x": 170,
                  "y": 224,
                },
                Object {
                  "x": 170,
                  "y": 292,
                },
                Object {
                  "x": 24,
                  "y": 292,
                },
                Object {
                  "x": 97,
                  "y": 258,
                },
              ],
              "style": Object {
                "alignItems": "center",
                "flexDirection": "column",
                "justifyContent": "flex-start",
                "paddingTop": 0,
              },
              "type": "Block",
            },
            Object {
              "attrs": Object {},
              "children": Array [
                Object {
                  "attrs": Object {
                    "text": "粉丝珍爱卡",
                  },
                  "children": Array [],
                  "frame": Object {
                    "height": 14,
                    "width": 146,
                    "x": 205,
                    "y": 224,
                  },
                  "points": Array [
                    Object {
                      "x": 205,
                      "y": 224,
                    },
                    Object {
                      "x": 351,
                      "y": 224,
                    },
                    Object {
                      "x": 351,
                      "y": 238,
                    },
                    Object {
                      "x": 205,
                      "y": 238,
                    },
                    Object {
                      "x": 278,
                      "y": 231,
                    },
                  ],
                  "style": Object {
                    "color": "#ffffffff",
                    "fontSize": 14,
                    "fontWeight": 5,
                    "letterSpacing": 0,
                    "lineHeight": 14,
                  },
                  "type": "Text",
                },
                Object {
                  "attrs": Object {},
                  "children": Array [
                    Object {
                      "attrs": Object {
                        "text": "¥3200",
                      },
                      "children": Array [],
                      "frame": Object {
                        "height": 16,
                        "width": 48,
                        "x": 205,
                        "y": 246,
                      },
                      "points": Array [
                        Object {
                          "x": 205,
                          "y": 246,
                        },
                        Object {
                          "x": 253,
                          "y": 246,
                        },
                        Object {
                          "x": 253,
                          "y": 262,
                        },
                        Object {
                          "x": 205,
                          "y": 262,
                        },
                        Object {
                          "x": 229,
                          "y": 254,
                        },
                      ],
                      "style": Object {
                        "color": "#fff684ff",
                        "fontSize": 16,
                        "fontWeight": 5,
                        "letterSpacing": 0,
                        "lineHeight": 16,
                      },
                      "type": "Text",
                    },
                    Object {
                      "attrs": Object {
                        "text": "永久有效",
                      },
                      "children": Array [],
                      "frame": Object {
                        "height": 12,
                        "width": 48,
                        "x": 205,
                        "y": 280,
                      },
                      "points": Array [
                        Object {
                          "x": 205,
                          "y": 280,
                        },
                        Object {
                          "x": 253,
                          "y": 280,
                        },
                        Object {
                          "x": 253,
                          "y": 292,
                        },
                        Object {
                          "x": 205,
                          "y": 292,
                        },
                        Object {
                          "x": 229,
                          "y": 286,
                        },
                      ],
                      "style": Object {
                        "color": "#ffffffff",
                        "fontSize": 12,
                        "fontWeight": 5,
                        "letterSpacing": 0,
                        "lineHeight": 12,
                      },
                      "type": "Text",
                    },
                  ],
                  "frame": Object {
                    "height": 46,
                    "width": 48,
                    "x": 205,
                    "y": 246,
                  },
                  "points": Array [
                    Object {
                      "x": 205,
                      "y": 246,
                    },
                    Object {
                      "x": 253,
                      "y": 246,
                    },
                    Object {
                      "x": 253,
                      "y": 292,
                    },
                    Object {
                      "x": 205,
                      "y": 292,
                    },
                    Object {
                      "x": 229,
                      "y": 269,
                    },
                  ],
                  "style": Object {
                    "alignItems": "center",
                    "alignSelf": "flex-start",
                    "flexDirection": "column",
                    "justifyContent": "flex-start",
                    "paddingTop": 0,
                  },
                  "type": "Block",
                },
              ],
              "frame": Object {
                "height": 68,
                "width": 146,
                "x": 205,
                "y": 224,
              },
              "points": Array [
                Object {
                  "x": 205,
                  "y": 224,
                },
                Object {
                  "x": 351,
                  "y": 224,
                },
                Object {
                  "x": 351,
                  "y": 292,
                },
                Object {
                  "x": 205,
                  "y": 292,
                },
                Object {
                  "x": 278,
                  "y": 258,
                },
              ],
              "style": Object {
                "alignItems": "center",
                "flexDirection": "column",
                "justifyContent": "flex-start",
                "paddingTop": 0,
              },
              "type": "Block",
            },
          ],
          "frame": Object {
            "height": 96,
            "width": 351,
            "x": 12,
            "y": 208,
          },
          "points": Array [
            Object {
              "x": 12,
              "y": 208,
            },
            Object {
              "x": 363,
              "y": 208,
            },
            Object {
              "x": 363,
              "y": 304,
            },
            Object {
              "x": 12,
              "y": 304,
            },
            Object {
              "x": 187.5,
              "y": 256,
            },
          ],
          "style": Object {},
          "type": "Block",
        },
        Object {
          "attrs": Object {},
          "children": Array [
            Object {
              "attrs": Object {},
              "children": Array [
                Object {
                  "attrs": Object {
                    "text": "至尊黄金卡",
                  },
                  "children": Array [],
                  "frame": Object {
                    "height": 14,
                    "width": 146,
                    "x": 24,
                    "y": 332,
                  },
                  "points": Array [
                    Object {
                      "x": 24,
                      "y": 332,
                    },
                    Object {
                      "x": 170,
                      "y": 332,
                    },
                    Object {
                      "x": 170,
                      "y": 346,
                    },
                    Object {
                      "x": 24,
                      "y": 346,
                    },
                    Object {
                      "x": 97,
                      "y": 339,
                    },
                  ],
                  "style": Object {
                    "color": "#ffffffff",
                    "fontSize": 14,
                    "fontWeight": 5,
                    "letterSpacing": 0,
                    "lineHeight": 14,
                  },
                  "type": "Text",
                },
                Object {
                  "attrs": Object {},
                  "children": Array [
                    Object {
                      "attrs": Object {
                        "text": "¥50",
                      },
                      "children": Array [],
                      "frame": Object {
                        "height": 16,
                        "width": 29,
                        "x": 24,
                        "y": 354,
                      },
                      "points": Array [
                        Object {
                          "x": 24,
                          "y": 354,
                        },
                        Object {
                          "x": 53,
                          "y": 354,
                        },
                        Object {
                          "x": 53,
                          "y": 370,
                        },
                        Object {
                          "x": 24,
                          "y": 370,
                        },
                        Object {
                          "x": 38.5,
                          "y": 362,
                        },
                      ],
                      "style": Object {
                        "alignSelf": "flex-start",
                        "color": "#fff684ff",
                        "fontSize": 16,
                        "fontWeight": 5,
                        "letterSpacing": 0,
                        "lineHeight": 16,
                      },
                      "type": "Text",
                    },
                    Object {
                      "attrs": Object {
                        "text": "永久有效",
                      },
                      "children": Array [],
                      "frame": Object {
                        "height": 12,
                        "width": 48,
                        "x": 24,
                        "y": 388,
                      },
                      "points": Array [
                        Object {
                          "x": 24,
                          "y": 388,
                        },
                        Object {
                          "x": 72,
                          "y": 388,
                        },
                        Object {
                          "x": 72,
                          "y": 400,
                        },
                        Object {
                          "x": 24,
                          "y": 400,
                        },
                        Object {
                          "x": 48,
                          "y": 394,
                        },
                      ],
                      "style": Object {
                        "color": "#ffffffff",
                        "fontSize": 12,
                        "fontWeight": 5,
                        "letterSpacing": 0,
                        "lineHeight": 12,
                      },
                      "type": "Text",
                    },
                  ],
                  "frame": Object {
                    "height": 46,
                    "width": 48,
                    "x": 24,
                    "y": 354,
                  },
                  "points": Array [
                    Object {
                      "x": 24,
                      "y": 354,
                    },
                    Object {
                      "x": 72,
                      "y": 354,
                    },
                    Object {
                      "x": 72,
                      "y": 400,
                    },
                    Object {
                      "x": 24,
                      "y": 400,
                    },
                    Object {
                      "x": 48,
                      "y": 377,
                    },
                  ],
                  "style": Object {
                    "alignItems": "center",
                    "alignSelf": "flex-start",
                    "flexDirection": "column",
                    "justifyContent": "flex-start",
                    "paddingTop": 0,
                  },
                  "type": "Block",
                },
              ],
              "frame": Object {
                "height": 68,
                "width": 146,
                "x": 24,
                "y": 332,
              },
              "points": Array [
                Object {
                  "x": 24,
                  "y": 332,
                },
                Object {
                  "x": 170,
                  "y": 332,
                },
                Object {
                  "x": 170,
                  "y": 400,
                },
                Object {
                  "x": 24,
                  "y": 400,
                },
                Object {
                  "x": 97,
                  "y": 366,
                },
              ],
              "style": Object {
                "alignItems": "center",
                "flexDirection": "column",
                "justifyContent": "flex-start",
                "paddingTop": 0,
              },
              "type": "Block",
            },
            Object {
              "attrs": Object {},
              "children": Array [
                Object {
                  "attrs": Object {
                    "text": "粉丝珍爱卡",
                  },
                  "children": Array [],
                  "frame": Object {
                    "height": 14,
                    "width": 146,
                    "x": 205,
                    "y": 332,
                  },
                  "points": Array [
                    Object {
                      "x": 205,
                      "y": 332,
                    },
                    Object {
                      "x": 351,
                      "y": 332,
                    },
                    Object {
                      "x": 351,
                      "y": 346,
                    },
                    Object {
                      "x": 205,
                      "y": 346,
                    },
                    Object {
                      "x": 278,
                      "y": 339,
                    },
                  ],
                  "style": Object {
                    "color": "#ffffffff",
                    "fontSize": 14,
                    "fontWeight": 5,
                    "letterSpacing": 0,
                    "lineHeight": 14,
                  },
                  "type": "Text",
                },
                Object {
                  "attrs": Object {},
                  "children": Array [
                    Object {
                      "attrs": Object {
                        "text": "¥3200",
                      },
                      "children": Array [],
                      "frame": Object {
                        "height": 16,
                        "width": 48,
                        "x": 205,
                        "y": 354,
                      },
                      "points": Array [
                        Object {
                          "x": 205,
                          "y": 354,
                        },
                        Object {
                          "x": 253,
                          "y": 354,
                        },
                        Object {
                          "x": 253,
                          "y": 370,
                        },
                        Object {
                          "x": 205,
                          "y": 370,
                        },
                        Object {
                          "x": 229,
                          "y": 362,
                        },
                      ],
                      "style": Object {
                        "color": "#fff684ff",
                        "fontSize": 16,
                        "fontWeight": 5,
                        "letterSpacing": 0,
                        "lineHeight": 16,
                      },
                      "type": "Text",
                    },
                    Object {
                      "attrs": Object {
                        "text": "永久有效",
                      },
                      "children": Array [],
                      "frame": Object {
                        "height": 12,
                        "width": 48,
                        "x": 205,
                        "y": 388,
                      },
                      "points": Array [
                        Object {
                          "x": 205,
                          "y": 388,
                        },
                        Object {
                          "x": 253,
                          "y": 388,
                        },
                        Object {
                          "x": 253,
                          "y": 400,
                        },
                        Object {
                          "x": 205,
                          "y": 400,
                        },
                        Object {
                          "x": 229,
                          "y": 394,
                        },
                      ],
                      "style": Object {
                        "color": "#ffffffff",
                        "fontSize": 12,
                        "fontWeight": 5,
                        "letterSpacing": 0,
                        "lineHeight": 12,
                      },
                      "type": "Text",
                    },
                  ],
                  "frame": Object {
                    "height": 46,
                    "width": 48,
                    "x": 205,
                    "y": 354,
                  },
                  "points": Array [
                    Object {
                      "x": 205,
                      "y": 354,
                    },
                    Object {
                      "x": 253,
                      "y": 354,
                    },
                    Object {
                      "x": 253,
                      "y": 400,
                    },
                    Object {
                      "x": 205,
                      "y": 400,
                    },
                    Object {
                      "x": 229,
                      "y": 377,
                    },
                  ],
                  "style": Object {
                    "alignItems": "center",
                    "alignSelf": "flex-start",
                    "flexDirection": "column",
                    "justifyContent": "flex-start",
                    "paddingTop": 0,
                  },
                  "type": "Block",
                },
              ],
              "frame": Object {
                "height": 68,
                "width": 146,
                "x": 205,
                "y": 332,
              },
              "points": Array [
                Object {
                  "x": 205,
                  "y": 332,
                },
                Object {
                  "x": 351,
                  "y": 332,
                },
                Object {
                  "x": 351,
                  "y": 400,
                },
                Object {
                  "x": 205,
                  "y": 400,
                },
                Object {
                  "x": 278,
                  "y": 366,
                },
              ],
              "style": Object {
                "alignItems": "center",
                "flexDirection": "column",
                "justifyContent": "flex-start",
                "paddingTop": 0,
              },
              "type": "Block",
            },
          ],
          "frame": Object {
            "height": 96,
            "width": 351,
            "x": 12,
            "y": 316,
          },
          "points": Array [
            Object {
              "x": 12,
              "y": 316,
            },
            Object {
              "x": 363,
              "y": 316,
            },
            Object {
              "x": 363,
              "y": 412,
            },
            Object {
              "x": 12,
              "y": 412,
            },
            Object {
              "x": 187.5,
              "y": 364,
            },
          ],
          "style": Object {},
          "type": "Block",
        },
        Object {
          "attrs": Object {},
          "children": Array [
            Object {
              "attrs": Object {
                "text": "至尊黄金卡",
              },
              "children": Array [],
              "frame": Object {
                "height": 14,
                "width": 146,
                "x": 24,
                "y": 440,
              },
              "points": Array [
                Object {
                  "x": 24,
                  "y": 440,
                },
                Object {
                  "x": 170,
                  "y": 440,
                },
                Object {
                  "x": 170,
                  "y": 454,
                },
                Object {
                  "x": 24,
                  "y": 454,
                },
                Object {
                  "x": 97,
                  "y": 447,
                },
              ],
              "style": Object {
                "color": "#ffffffff",
                "fontSize": 14,
                "fontWeight": 5,
                "letterSpacing": 0,
                "lineHeight": 14,
              },
              "type": "Text",
            },
            Object {
              "attrs": Object {},
              "children": Array [
                Object {
                  "attrs": Object {
                    "text": "¥50",
                  },
                  "children": Array [],
                  "frame": Object {
                    "height": 16,
                    "width": 29,
                    "x": 24,
                    "y": 462,
                  },
                  "points": Array [
                    Object {
                      "x": 24,
                      "y": 462,
                    },
                    Object {
                      "x": 53,
                      "y": 462,
                    },
                    Object {
                      "x": 53,
                      "y": 478,
                    },
                    Object {
                      "x": 24,
                      "y": 478,
                    },
                    Object {
                      "x": 38.5,
                      "y": 470,
                    },
                  ],
                  "style": Object {
                    "alignSelf": "flex-start",
                    "color": "#fff684ff",
                    "fontSize": 16,
                    "fontWeight": 5,
                    "letterSpacing": 0,
                    "lineHeight": 16,
                  },
                  "type": "Text",
                },
                Object {
                  "attrs": Object {
                    "text": "永久有效",
                  },
                  "children": Array [],
                  "frame": Object {
                    "height": 12,
                    "width": 48,
                    "x": 24,
                    "y": 496,
                  },
                  "points": Array [
                    Object {
                      "x": 24,
                      "y": 496,
                    },
                    Object {
                      "x": 72,
                      "y": 496,
                    },
                    Object {
                      "x": 72,
                      "y": 508,
                    },
                    Object {
                      "x": 24,
                      "y": 508,
                    },
                    Object {
                      "x": 48,
                      "y": 502,
                    },
                  ],
                  "style": Object {
                    "color": "#ffffffff",
                    "fontSize": 12,
                    "fontWeight": 5,
                    "letterSpacing": 0,
                    "lineHeight": 12,
                  },
                  "type": "Text",
                },
              ],
              "frame": Object {
                "height": 46,
                "width": 48,
                "x": 24,
                "y": 462,
              },
              "points": Array [
                Object {
                  "x": 24,
                  "y": 462,
                },
                Object {
                  "x": 72,
                  "y": 462,
                },
                Object {
                  "x": 72,
                  "y": 508,
                },
                Object {
                  "x": 24,
                  "y": 508,
                },
                Object {
                  "x": 48,
                  "y": 485,
                },
              ],
              "style": Object {
                "alignItems": "center",
                "alignSelf": "flex-start",
                "flexDirection": "column",
                "justifyContent": "flex-start",
                "paddingTop": 0,
              },
              "type": "Block",
            },
          ],
          "frame": Object {
            "height": 68,
            "width": 146,
            "x": 24,
            "y": 440,
          },
          "points": Array [
            Object {
              "x": 24,
              "y": 440,
            },
            Object {
              "x": 170,
              "y": 440,
            },
            Object {
              "x": 170,
              "y": 508,
            },
            Object {
              "x": 24,
              "y": 508,
            },
            Object {
              "x": 97,
              "y": 474,
            },
          ],
          "style": Object {
            "alignItems": "center",
            "alignSelf": "flex-start",
            "flexDirection": "column",
            "justifyContent": "flex-start",
            "marginLeft": 12,
            "paddingTop": 0,
          },
          "type": "Block",
        },
      ],
      "frame": Object {
        "height": 420,
        "width": 351,
        "x": 12,
        "y": 100,
      },
      "points": Array [
        Object {
          "x": 12,
          "y": 100,
        },
        Object {
          "x": 363,
          "y": 100,
        },
        Object {
          "x": 363,
          "y": 520,
        },
        Object {
          "x": 12,
          "y": 520,
        },
        Object {
          "x": 187.5,
          "y": 310,
        },
      ],
      "style": Object {
        "alignItems": "center",
        "flexDirection": "column",
        "justifyContent": "flex-start",
        "paddingTop": 0,
      },
      "type": "Block",
    },
    Object {
      "attrs": Object {
        "text": "————＞ω＜我是有底线的————",
      },
      "children": Array [],
      "frame": Object {
        "height": 12,
        "width": 201,
        "x": 87,
        "y": 532,
      },
      "points": Array [
        Object {
          "x": 87,
          "y": 532,
        },
        Object {
          "x": 288,
          "y": 532,
        },
        Object {
          "x": 288,
          "y": 544,
        },
        Object {
          "x": 87,
          "y": 544,
        },
        Object {
          "x": 187.5,
          "y": 538,
        },
      ],
      "style": Object {
        "color": "#b3b3b3ff",
        "fontSize": 12,
        "fontWeight": 5,
        "letterSpacing": 0,
        "lineHeight": 12,
      },
      "type": "Text",
    },
  ],
  "frame": Object {
    "height": 444,
    "width": 351,
    "x": 12,
    "y": 100,
  },
  "points": Array [
    Object {
      "x": 12,
      "y": 100,
    },
    Object {
      "x": 363,
      "y": 100,
    },
    Object {
      "x": 363,
      "y": 544,
    },
    Object {
      "x": 12,
      "y": 544,
    },
    Object {
      "x": 187.5,
      "y": 322,
    },
  ],
  "style": Object {
    "alignItems": "center",
    "flexDirection": "column",
    "justifyContent": "flex-start",
    "paddingTop": 0,
  },
  "type": "Block",
}
`;
