// Jest Snapshot v1, https://goo.gl/fbAQLP

exports[`list-text: list-text-layout 1`] = `
Object {
  "attrs": Object {
    "className": "block0",
  },
  "children": Array [],
  "frame": Object {
    "height": 218,
    "width": 375,
    "x": 0,
    "y": 0,
  },
  "id": "a05a498c-ef29-11e9-a912-7d4a86aa6ace",
  "points": Array [
    Object {
      "x": 0,
      "y": 0,
    },
    Object {
      "x": 375,
      "y": 0,
    },
    Object {
      "x": 375,
      "y": 218,
    },
    Object {
      "x": 0,
      "y": 218,
    },
    Object {
      "x": 187.5,
      "y": 109,
    },
  ],
  "style": Object {},
  "type": "Block",
}
`;
