// Jest Snapshot v1, https://goo.gl/fbAQLP

exports[`list-text: list-text-layout 1`] = `
Object {
  "attrs": Object {
    "className": "block1",
  },
  "children": Array [
    Object {
      "attrs": Object {
        "className": "block2",
      },
      "children": Array [
        Object {
          "attrs": Object {
            "className": "block3",
          },
          "children": Array [
            Object {
              "attrs": Object {
                "className": "block4",
              },
              "children": Array [
                Object {
                  "attrs": Object {
                    "className": "block5",
                  },
                  "children": Array [],
                  "id": "cf4d5651-eeee-11e9-83df-b991c983b409",
                  "points": Array [
                    Object {
                      "x": 0,
                      "y": 0,
                    },
                    Object {
                      "x": 2,
                      "y": 0,
                    },
                    Object {
                      "x": 2,
                      "y": 16,
                    },
                    Object {
                      "x": 0,
                      "y": 16,
                    },
                    Object {
                      "x": 1,
                      "y": 8,
                    },
                  ],
                  "position": Object {
                    "height": 16,
                    "width": 2,
                    "x": 0,
                    "y": 0,
                  },
                  "style": Object {
                    "backgroundColor": "#ff6600ff",
                  },
                  "type": "Block",
                },
                Object {
                  "attrs": Object {
                    "className": "text0",
                    "text": "卡项权益",
                  },
                  "children": Array [],
                  "id": "cf4d5650-eeee-11e9-83df-b991c983b409",
                  "points": Array [
                    Object {
                      "x": 10,
                      "y": 0,
                    },
                    Object {
                      "x": 74,
                      "y": 0,
                    },
                    Object {
                      "x": 74,
                      "y": 16,
                    },
                    Object {
                      "x": 10,
                      "y": 16,
                    },
                    Object {
                      "x": 42,
                      "y": 8,
                    },
                  ],
                  "position": Object {
                    "height": 16,
                    "width": 64,
                    "x": 10,
                    "y": 0,
                  },
                  "style": Object {
                    "color": "#333333ff",
                    "fontSize": 16,
                    "fontWeight": 5,
                    "letterSpacing": 0,
                    "lineHeight": 16,
                  },
                  "type": "Text",
                },
              ],
              "id": "cf50d8c0-eeee-11e9-83df-b991c983b409",
              "points": Array [
                Object {
                  "x": 0,
                  "y": 0,
                },
                Object {
                  "x": 74,
                  "y": 0,
                },
                Object {
                  "x": 74,
                  "y": 16,
                },
                Object {
                  "x": 0,
                  "y": 16,
                },
                Object {
                  "x": 37,
                  "y": 8,
                },
              ],
              "position": Object {
                "height": 16,
                "width": 74,
                "x": 0,
                "y": 0,
              },
              "style": Object {
                "alignItems": "center",
                "alignSelf": "flex-start",
                "flexDirection": "row",
                "justifyContent": "space-between",
                "paddingLeft": 0,
                "paddingRight": 0,
              },
              "type": "Block",
            },
            Object {
              "attrs": Object {
                "className": "text1",
                "text": "美容服务",
              },
              "children": Array [],
              "id": "cf4d5654-eeee-11e9-83df-b991c983b409",
              "points": Array [
                Object {
                  "x": 12,
                  "y": 48,
                },
                Object {
                  "x": 68,
                  "y": 48,
                },
                Object {
                  "x": 68,
                  "y": 62,
                },
                Object {
                  "x": 12,
                  "y": 62,
                },
                Object {
                  "x": 40,
                  "y": 55,
                },
              ],
              "position": Object {
                "height": 14,
                "width": 56,
                "x": 12,
                "y": 48,
              },
              "style": Object {
                "color": "#333333ff",
                "fontSize": 14,
                "fontWeight": 5,
                "letterSpacing": 0,
                "lineHeight": 14,
              },
              "type": "Text",
            },
            Object {
              "attrs": Object {
                "className": "text2",
                "text": "凶悍大叔洗澡",
              },
              "children": Array [],
              "id": "cf4d5652-eeee-11e9-83df-b991c983b409",
              "points": Array [
                Object {
                  "x": 12,
                  "y": 70,
                },
                Object {
                  "x": 96,
                  "y": 70,
                },
                Object {
                  "x": 96,
                  "y": 84,
                },
                Object {
                  "x": 12,
                  "y": 84,
                },
                Object {
                  "x": 54,
                  "y": 77,
                },
              ],
              "position": Object {
                "height": 14,
                "width": 84,
                "x": 12,
                "y": 70,
              },
              "style": Object {
                "color": "#a3a3a3ff",
                "fontSize": 14,
                "fontWeight": 5,
                "letterSpacing": 0,
                "lineHeight": 14,
              },
              "type": "Text",
            },
            Object {
              "attrs": Object {
                "className": "text3",
                "text": "温柔小姐姐做造型",
              },
              "children": Array [],
              "id": "cf4d565a-eeee-11e9-83df-b991c983b409",
              "points": Array [
                Object {
                  "x": 12,
                  "y": 92,
                },
                Object {
                  "x": 124,
                  "y": 92,
                },
                Object {
                  "x": 124,
                  "y": 106,
                },
                Object {
                  "x": 12,
                  "y": 106,
                },
                Object {
                  "x": 68,
                  "y": 99,
                },
              ],
              "position": Object {
                "height": 14,
                "width": 112,
                "x": 12,
                "y": 92,
              },
              "style": Object {
                "alignSelf": "flex-end",
                "color": "#a3a3a3ff",
                "fontSize": 14,
                "fontWeight": 5,
                "letterSpacing": 0,
                "lineHeight": 14,
              },
              "type": "Text",
            },
          ],
          "id": "cf6264f0-eeee-11e9-83df-b991c983b409",
          "points": Array [
            Object {
              "x": 0,
              "y": 0,
            },
            Object {
              "x": 124,
              "y": 0,
            },
            Object {
              "x": 124,
              "y": 106,
            },
            Object {
              "x": 0,
              "y": 106,
            },
            Object {
              "x": 62,
              "y": 53,
            },
          ],
          "position": Object {
            "height": 106,
            "width": 124,
            "x": 0,
            "y": 0,
          },
          "style": Object {
            "alignItems": "others",
            "flexDirection": "column",
            "justifyContent": "flex-start",
            "paddingTop": 0,
          },
          "type": "Block",
        },
        Object {
          "attrs": Object {
            "className": "block6",
          },
          "children": Array [
            Object {
              "attrs": Object {
                "className": "text4",
                "text": "×10",
              },
              "children": Array [],
              "id": "cf4d5656-eeee-11e9-83df-b991c983b409",
              "points": Array [
                Object {
                  "x": 340,
                  "y": 70,
                },
                Object {
                  "x": 363,
                  "y": 70,
                },
                Object {
                  "x": 363,
                  "y": 84,
                },
                Object {
                  "x": 340,
                  "y": 84,
                },
                Object {
                  "x": 351.5,
                  "y": 77,
                },
              ],
              "position": Object {
                "height": 14,
                "width": 23,
                "x": 340,
                "y": 70,
              },
              "style": Object {
                "color": "#333333ff",
                "fontSize": 14,
                "fontWeight": 5,
                "letterSpacing": 0,
                "lineHeight": 14,
              },
              "type": "Text",
            },
            Object {
              "attrs": Object {
                "className": "text5",
                "text": "×8",
              },
              "children": Array [],
              "id": "cf4d565c-eeee-11e9-83df-b991c983b409",
              "points": Array [
                Object {
                  "x": 346,
                  "y": 92,
                },
                Object {
                  "x": 363,
                  "y": 92,
                },
                Object {
                  "x": 363,
                  "y": 106,
                },
                Object {
                  "x": 346,
                  "y": 106,
                },
                Object {
                  "x": 354.5,
                  "y": 99,
                },
              ],
              "position": Object {
                "height": 14,
                "width": 17,
                "x": 346,
                "y": 92,
              },
              "style": Object {
                "alignSelf": "flex-end",
                "color": "#333333ff",
                "fontSize": 14,
                "fontWeight": 5,
                "letterSpacing": 0,
                "lineHeight": 14,
              },
              "type": "Text",
            },
          ],
          "id": "cf601b00-eeee-11e9-83df-b991c983b409",
          "points": Array [
            Object {
              "x": 340,
              "y": 70,
            },
            Object {
              "x": 363,
              "y": 70,
            },
            Object {
              "x": 363,
              "y": 106,
            },
            Object {
              "x": 340,
              "y": 106,
            },
            Object {
              "x": 351.5,
              "y": 88,
            },
          ],
          "position": Object {
            "height": 36,
            "width": 23,
            "x": 340,
            "y": 70,
          },
          "style": Object {
            "alignItems": "center",
            "alignSelf": "flex-end",
            "flexDirection": "column",
            "justifyContent": "flex-start",
            "paddingTop": 0,
          },
          "type": "Block",
        },
      ],
      "id": "cf6c5000-eeee-11e9-83df-b991c983b409",
      "points": Array [
        Object {
          "x": 0,
          "y": 0,
        },
        Object {
          "x": 363,
          "y": 0,
        },
        Object {
          "x": 363,
          "y": 106,
        },
        Object {
          "x": 0,
          "y": 106,
        },
        Object {
          "x": 181.5,
          "y": 53,
        },
      ],
      "position": Object {
        "height": 106,
        "width": 363,
        "x": 0,
        "y": 0,
      },
      "style": Object {
        "alignItems": "center",
        "alignSelf": "center",
        "flexDirection": "row",
        "justifyContent": "space-between",
        "paddingLeft": 0,
        "paddingRight": 0,
      },
      "type": "Block",
    },
    Object {
      "attrs": Object {
        "className": "block7",
      },
      "children": Array [
        Object {
          "attrs": Object {
            "className": "block8",
          },
          "children": Array [
            Object {
              "attrs": Object {
                "className": "text6",
                "text": "精油美毛",
              },
              "children": Array [],
              "id": "cf4d5658-eeee-11e9-83df-b991c983b409",
              "points": Array [
                Object {
                  "x": 12,
                  "y": 114,
                },
                Object {
                  "x": 68,
                  "y": 114,
                },
                Object {
                  "x": 68,
                  "y": 128,
                },
                Object {
                  "x": 12,
                  "y": 128,
                },
                Object {
                  "x": 40,
                  "y": 121,
                },
              ],
              "position": Object {
                "height": 14,
                "width": 56,
                "x": 12,
                "y": 114,
              },
              "style": Object {
                "color": "#a3a3a3ff",
                "fontSize": 14,
                "fontWeight": 5,
                "letterSpacing": 0,
                "lineHeight": 14,
              },
              "type": "Text",
            },
            Object {
              "attrs": Object {
                "className": "text7",
                "text": "清洁服务",
              },
              "children": Array [],
              "id": "cf4d5655-eeee-11e9-83df-b991c983b409",
              "points": Array [
                Object {
                  "x": 12,
                  "y": 144,
                },
                Object {
                  "x": 68,
                  "y": 144,
                },
                Object {
                  "x": 68,
                  "y": 158,
                },
                Object {
                  "x": 12,
                  "y": 158,
                },
                Object {
                  "x": 40,
                  "y": 151,
                },
              ],
              "position": Object {
                "height": 14,
                "width": 56,
                "x": 12,
                "y": 144,
              },
              "style": Object {
                "color": "#333333ff",
                "fontSize": 14,
                "fontWeight": 5,
                "letterSpacing": 0,
                "lineHeight": 14,
              },
              "type": "Text",
            },
            Object {
              "attrs": Object {
                "className": "text8",
                "text": "凶悍大叔洗澡",
              },
              "children": Array [],
              "id": "cf4d5653-eeee-11e9-83df-b991c983b409",
              "points": Array [
                Object {
                  "x": 12,
                  "y": 166,
                },
                Object {
                  "x": 96,
                  "y": 166,
                },
                Object {
                  "x": 96,
                  "y": 180,
                },
                Object {
                  "x": 12,
                  "y": 180,
                },
                Object {
                  "x": 54,
                  "y": 173,
                },
              ],
              "position": Object {
                "height": 14,
                "width": 84,
                "x": 12,
                "y": 166,
              },
              "style": Object {
                "alignSelf": "center",
                "color": "#a3a3a3ff",
                "fontSize": 14,
                "fontWeight": 5,
                "letterSpacing": 0,
                "lineHeight": 14,
              },
              "type": "Text",
            },
          ],
          "id": "cf67e330-eeee-11e9-83df-b991c983b409",
          "points": Array [
            Object {
              "x": 12,
              "y": 114,
            },
            Object {
              "x": 96,
              "y": 114,
            },
            Object {
              "x": 96,
              "y": 180,
            },
            Object {
              "x": 12,
              "y": 180,
            },
            Object {
              "x": 54,
              "y": 147,
            },
          ],
          "position": Object {
            "height": 66,
            "width": 84,
            "x": 12,
            "y": 114,
          },
          "style": Object {
            "alignItems": "flex-start",
            "flexDirection": "column",
            "justifyContent": "flex-start",
            "paddingLeft": 0,
            "paddingTop": 0,
          },
          "type": "Block",
        },
        Object {
          "attrs": Object {
            "className": "block9",
          },
          "children": Array [
            Object {
              "attrs": Object {
                "className": "text9",
                "text": "×12",
              },
              "children": Array [],
              "id": "cf4d5659-eeee-11e9-83df-b991c983b409",
              "points": Array [
                Object {
                  "x": 340,
                  "y": 114,
                },
                Object {
                  "x": 363,
                  "y": 114,
                },
                Object {
                  "x": 363,
                  "y": 128,
                },
                Object {
                  "x": 340,
                  "y": 128,
                },
                Object {
                  "x": 351.5,
                  "y": 121,
                },
              ],
              "position": Object {
                "height": 14,
                "width": 23,
                "x": 340,
                "y": 114,
              },
              "style": Object {
                "color": "#333333ff",
                "fontSize": 14,
                "fontWeight": 5,
                "letterSpacing": 0,
                "lineHeight": 14,
              },
              "type": "Text",
            },
            Object {
              "attrs": Object {
                "className": "text10",
                "text": "×10",
              },
              "children": Array [],
              "id": "cf4d5657-eeee-11e9-83df-b991c983b409",
              "points": Array [
                Object {
                  "x": 340,
                  "y": 166,
                },
                Object {
                  "x": 363,
                  "y": 166,
                },
                Object {
                  "x": 363,
                  "y": 180,
                },
                Object {
                  "x": 340,
                  "y": 180,
                },
                Object {
                  "x": 351.5,
                  "y": 173,
                },
              ],
              "position": Object {
                "height": 14,
                "width": 23,
                "x": 340,
                "y": 166,
              },
              "style": Object {
                "color": "#333333ff",
                "fontSize": 14,
                "fontWeight": 5,
                "letterSpacing": 0,
                "lineHeight": 14,
              },
              "type": "Text",
            },
          ],
          "id": "cf64fd00-eeee-11e9-83df-b991c983b409",
          "points": Array [
            Object {
              "x": 340,
              "y": 114,
            },
            Object {
              "x": 363,
              "y": 114,
            },
            Object {
              "x": 363,
              "y": 180,
            },
            Object {
              "x": 340,
              "y": 180,
            },
            Object {
              "x": 351.5,
              "y": 147,
            },
          ],
          "position": Object {
            "height": 66,
            "width": 23,
            "x": 340,
            "y": 114,
          },
          "style": Object {
            "alignItems": "center",
            "flexDirection": "column",
            "justifyContent": "flex-start",
            "paddingTop": 0,
          },
          "type": "Block",
        },
      ],
      "id": "cf6d6170-eeee-11e9-83df-b991c983b409",
      "points": Array [
        Object {
          "x": 12,
          "y": 114,
        },
        Object {
          "x": 363,
          "y": 114,
        },
        Object {
          "x": 363,
          "y": 180,
        },
        Object {
          "x": 12,
          "y": 180,
        },
        Object {
          "x": 187.5,
          "y": 147,
        },
      ],
      "position": Object {
        "height": 66,
        "width": 351,
        "x": 12,
        "y": 114,
      },
      "style": Object {
        "alignItems": "center",
        "flexDirection": "row",
        "justifyContent": "space-between",
        "paddingLeft": 0,
        "paddingRight": 0,
      },
      "type": "Block",
    },
    Object {
      "attrs": Object {
        "className": "block10",
      },
      "children": Array [
        Object {
          "attrs": Object {
            "className": "text11",
            "text": "温柔小姐姐做造型",
          },
          "children": Array [],
          "id": "cf4d565b-eeee-11e9-83df-b991c983b409",
          "points": Array [
            Object {
              "x": 12,
              "y": 188,
            },
            Object {
              "x": 124,
              "y": 188,
            },
            Object {
              "x": 124,
              "y": 202,
            },
            Object {
              "x": 12,
              "y": 202,
            },
            Object {
              "x": 68,
              "y": 195,
            },
          ],
          "position": Object {
            "height": 14,
            "width": 112,
            "x": 12,
            "y": 188,
          },
          "style": Object {
            "color": "#a3a3a3ff",
            "fontSize": 14,
            "fontWeight": 5,
            "letterSpacing": 0,
            "lineHeight": 14,
          },
          "type": "Text",
        },
        Object {
          "attrs": Object {
            "className": "text12",
            "text": "×8",
          },
          "children": Array [],
          "id": "cf4d565d-eeee-11e9-83df-b991c983b409",
          "points": Array [
            Object {
              "x": 346,
              "y": 188,
            },
            Object {
              "x": 363,
              "y": 188,
            },
            Object {
              "x": 363,
              "y": 202,
            },
            Object {
              "x": 346,
              "y": 202,
            },
            Object {
              "x": 354.5,
              "y": 195,
            },
          ],
          "position": Object {
            "height": 14,
            "width": 17,
            "x": 346,
            "y": 188,
          },
          "style": Object {
            "color": "#333333ff",
            "fontSize": 14,
            "fontWeight": 5,
            "letterSpacing": 0,
            "lineHeight": 14,
          },
          "type": "Text",
        },
      ],
      "id": "cf6a2d20-eeee-11e9-83df-b991c983b409",
      "points": Array [
        Object {
          "x": 12,
          "y": 188,
        },
        Object {
          "x": 363,
          "y": 188,
        },
        Object {
          "x": 363,
          "y": 202,
        },
        Object {
          "x": 12,
          "y": 202,
        },
        Object {
          "x": 187.5,
          "y": 195,
        },
      ],
      "position": Object {
        "height": 14,
        "width": 351,
        "x": 12,
        "y": 188,
      },
      "style": Object {
        "alignItems": "center",
        "flexDirection": "row",
        "justifyContent": "space-between",
        "paddingLeft": 0,
        "paddingRight": 0,
      },
      "type": "Block",
    },
  ],
  "id": "cf6e72e0-eeee-11e9-83df-b991c983b409",
  "points": Array [
    Object {
      "x": 0,
      "y": 0,
    },
    Object {
      "x": 363,
      "y": 0,
    },
    Object {
      "x": 363,
      "y": 202,
    },
    Object {
      "x": 0,
      "y": 202,
    },
    Object {
      "x": 181.5,
      "y": 101,
    },
  ],
  "position": Object {
    "height": 202,
    "width": 363,
    "x": 0,
    "y": 0,
  },
  "style": Object {
    "alignItems": "flex-end",
    "flexDirection": "column",
    "justifyContent": "flex-start",
    "paddingRight": 0,
    "paddingTop": 0,
  },
  "type": "Block",
}
`;
