// Jest Snapshot v1, https://goo.gl/fbAQLP

exports[`首页布局代码生成: index-layout 1`] = `
Object {
  "attrs": Object {},
  "children": Array [
    Object {
      "attrs": Object {},
      "children": Array [
        Object {
          "attrs": Object {},
          "children": Array [
            Object {
              "attrs": Object {},
              "children": Array [
                Object {
                  "attrs": Object {
                    "src": "./img/img4.png",
                  },
                  "children": Array [],
                  "frame": Object {
                    "height": 64,
                    "width": 64,
                    "x": 12,
                    "y": 32,
                  },
                  "points": Array [
                    Object {
                      "x": 12,
                      "y": 32,
                    },
                    Object {
                      "x": 76,
                      "y": 32,
                    },
                    Object {
                      "x": 76,
                      "y": 96,
                    },
                    Object {
                      "x": 12,
                      "y": 96,
                    },
                    Object {
                      "x": 44,
                      "y": 64,
                    },
                  ],
                  "style": Object {
                    "marginRight": 88,
                  },
                  "type": "Image",
                },
                Object {
                  "attrs": Object {},
                  "children": Array [
                    Object {
                      "attrs": Object {
                        "text": "提莫的蘑菇摊儿",
                      },
                      "children": Array [],
                      "frame": Object {
                        "height": 18,
                        "width": 126,
                        "x": 88,
                        "y": 45,
                      },
                      "points": Array [
                        Object {
                          "x": 88,
                          "y": 45,
                        },
                        Object {
                          "x": 214,
                          "y": 45,
                        },
                        Object {
                          "x": 214,
                          "y": 63,
                        },
                        Object {
                          "x": 88,
                          "y": 63,
                        },
                        Object {
                          "x": 151,
                          "y": 54,
                        },
                      ],
                      "style": Object {
                        "alignSelf": "flex-start",
                        "color": "#ffffffff",
                        "fontSize": 18,
                        "fontWeight": 5,
                        "letterSpacing": 0,
                        "lineHeight": 18,
                      },
                      "type": "Text",
                    },
                    Object {
                      "attrs": Object {
                        "text": "南京市玄武区龙蟠路618号毛孩子广场F1-1001",
                      },
                      "children": Array [],
                      "frame": Object {
                        "height": 12,
                        "width": 243,
                        "x": 88,
                        "y": 71,
                      },
                      "points": Array [
                        Object {
                          "x": 88,
                          "y": 71,
                        },
                        Object {
                          "x": 331,
                          "y": 71,
                        },
                        Object {
                          "x": 331,
                          "y": 83,
                        },
                        Object {
                          "x": 88,
                          "y": 83,
                        },
                        Object {
                          "x": 209.5,
                          "y": 77,
                        },
                      ],
                      "style": Object {
                        "color": "#ffffffff",
                        "fontSize": 12,
                        "fontWeight": 5,
                        "letterSpacing": 0,
                        "lineHeight": 12,
                      },
                      "type": "Text",
                    },
                  ],
                  "frame": Object {
                    "height": 38,
                    "width": 243,
                    "x": 88,
                    "y": 45,
                  },
                  "points": Array [
                    Object {
                      "x": 88,
                      "y": 45,
                    },
                    Object {
                      "x": 331,
                      "y": 45,
                    },
                    Object {
                      "x": 331,
                      "y": 83,
                    },
                    Object {
                      "x": 88,
                      "y": 83,
                    },
                    Object {
                      "x": 209.5,
                      "y": 64,
                    },
                  ],
                  "style": Object {
                    "alignItems": "center",
                    "flexDirection": "column",
                    "justifyContent": "flex-start",
                    "paddingTop": 0,
                  },
                  "type": "Block",
                },
              ],
              "frame": Object {
                "height": 64,
                "width": 319,
                "x": 12,
                "y": 32,
              },
              "points": Array [
                Object {
                  "x": 12,
                  "y": 32,
                },
                Object {
                  "x": 331,
                  "y": 32,
                },
                Object {
                  "x": 331,
                  "y": 96,
                },
                Object {
                  "x": 12,
                  "y": 96,
                },
                Object {
                  "x": 171.5,
                  "y": 64,
                },
              ],
              "style": Object {
                "alignItems": "center",
                "flexDirection": "row",
                "justifyContent": "flex-start",
                "paddingLeft": 0,
              },
              "type": "Block",
            },
            Object {
              "attrs": Object {},
              "children": Array [
                Object {
                  "attrs": Object {},
                  "children": Array [
                    Object {
                      "attrs": Object {},
                      "children": Array [
                        Object {
                          "attrs": Object {},
                          "children": Array [],
                          "frame": Object {
                            "height": 44,
                            "width": 44,
                            "x": 35,
                            "y": 140,
                          },
                          "points": Array [
                            Object {
                              "x": 35,
                              "y": 140,
                            },
                            Object {
                              "x": 79,
                              "y": 140,
                            },
                            Object {
                              "x": 79,
                              "y": 184,
                            },
                            Object {
                              "x": 35,
                              "y": 184,
                            },
                            Object {
                              "x": 57,
                              "y": 162,
                            },
                          ],
                          "style": Object {
                            "marginRight": 123,
                          },
                          "type": "Block",
                        },
                        Object {
                          "attrs": Object {},
                          "children": Array [],
                          "frame": Object {
                            "height": 44,
                            "width": 44,
                            "x": 123,
                            "y": 140,
                          },
                          "points": Array [
                            Object {
                              "x": 123,
                              "y": 140,
                            },
                            Object {
                              "x": 167,
                              "y": 140,
                            },
                            Object {
                              "x": 167,
                              "y": 184,
                            },
                            Object {
                              "x": 123,
                              "y": 184,
                            },
                            Object {
                              "x": 145,
                              "y": 162,
                            },
                          ],
                          "style": Object {
                            "marginRight": 210,
                          },
                          "type": "Block",
                        },
                        Object {
                          "attrs": Object {},
                          "children": Array [],
                          "frame": Object {
                            "height": 44,
                            "width": 44,
                            "x": 210,
                            "y": 140,
                          },
                          "points": Array [
                            Object {
                              "x": 210,
                              "y": 140,
                            },
                            Object {
                              "x": 254,
                              "y": 140,
                            },
                            Object {
                              "x": 254,
                              "y": 184,
                            },
                            Object {
                              "x": 210,
                              "y": 184,
                            },
                            Object {
                              "x": 232,
                              "y": 162,
                            },
                          ],
                          "style": Object {},
                          "type": "Block",
                        },
                      ],
                      "frame": Object {
                        "height": 44,
                        "width": 219,
                        "x": 35,
                        "y": 140,
                      },
                      "points": Array [
                        Object {
                          "x": 35,
                          "y": 140,
                        },
                        Object {
                          "x": 254,
                          "y": 140,
                        },
                        Object {
                          "x": 254,
                          "y": 184,
                        },
                        Object {
                          "x": 35,
                          "y": 184,
                        },
                        Object {
                          "x": 144.5,
                          "y": 162,
                        },
                      ],
                      "style": Object {
                        "flexDirection": "row",
                      },
                      "type": "Block",
                    },
                    Object {
                      "attrs": Object {},
                      "children": Array [],
                      "frame": Object {
                        "height": 44,
                        "width": 44,
                        "x": 298,
                        "y": 140,
                      },
                      "points": Array [
                        Object {
                          "x": 298,
                          "y": 140,
                        },
                        Object {
                          "x": 342,
                          "y": 140,
                        },
                        Object {
                          "x": 342,
                          "y": 184,
                        },
                        Object {
                          "x": 298,
                          "y": 184,
                        },
                        Object {
                          "x": 320,
                          "y": 162,
                        },
                      ],
                      "style": Object {},
                      "type": "Block",
                    },
                  ],
                  "frame": Object {
                    "height": 44,
                    "width": 307,
                    "x": 35,
                    "y": 140,
                  },
                  "points": Array [
                    Object {
                      "x": 35,
                      "y": 140,
                    },
                    Object {
                      "x": 342,
                      "y": 140,
                    },
                    Object {
                      "x": 342,
                      "y": 184,
                    },
                    Object {
                      "x": 35,
                      "y": 184,
                    },
                    Object {
                      "x": 188.5,
                      "y": 162,
                    },
                  ],
                  "style": Object {
                    "alignItems": "center",
                    "flexDirection": "row",
                    "justifyContent": "space-between",
                    "paddingLeft": 0,
                    "paddingRight": 0,
                  },
                  "type": "Block",
                },
                Object {
                  "attrs": Object {},
                  "children": Array [
                    Object {
                      "attrs": Object {},
                      "children": Array [
                        Object {
                          "attrs": Object {
                            "text": "优惠券",
                          },
                          "children": Array [],
                          "frame": Object {
                            "height": 12,
                            "width": 36,
                            "x": 39,
                            "y": 192,
                          },
                          "points": Array [
                            Object {
                              "x": 39,
                              "y": 192,
                            },
                            Object {
                              "x": 75,
                              "y": 192,
                            },
                            Object {
                              "x": 75,
                              "y": 204,
                            },
                            Object {
                              "x": 39,
                              "y": 204,
                            },
                            Object {
                              "x": 57,
                              "y": 198,
                            },
                          ],
                          "style": Object {
                            "color": "#333333ff",
                            "fontSize": 12,
                            "fontWeight": 5,
                            "letterSpacing": 0,
                            "lineHeight": 12,
                            "marginRight": 127,
                          },
                          "type": "Text",
                        },
                        Object {
                          "attrs": Object {
                            "text": "计次卡",
                          },
                          "children": Array [],
                          "frame": Object {
                            "height": 12,
                            "width": 36,
                            "x": 127,
                            "y": 192,
                          },
                          "points": Array [
                            Object {
                              "x": 127,
                              "y": 192,
                            },
                            Object {
                              "x": 163,
                              "y": 192,
                            },
                            Object {
                              "x": 163,
                              "y": 204,
                            },
                            Object {
                              "x": 127,
                              "y": 204,
                            },
                            Object {
                              "x": 145,
                              "y": 198,
                            },
                          ],
                          "style": Object {
                            "color": "#333333ff",
                            "fontSize": 12,
                            "fontWeight": 5,
                            "letterSpacing": 0,
                            "lineHeight": 12,
                            "marginRight": 214,
                          },
                          "type": "Text",
                        },
                        Object {
                          "attrs": Object {
                            "text": "充值卡",
                          },
                          "children": Array [],
                          "frame": Object {
                            "height": 12,
                            "width": 36,
                            "x": 214,
                            "y": 192,
                          },
                          "points": Array [
                            Object {
                              "x": 214,
                              "y": 192,
                            },
                            Object {
                              "x": 250,
                              "y": 192,
                            },
                            Object {
                              "x": 250,
                              "y": 204,
                            },
                            Object {
                              "x": 214,
                              "y": 204,
                            },
                            Object {
                              "x": 232,
                              "y": 198,
                            },
                          ],
                          "style": Object {
                            "color": "#333333ff",
                            "fontSize": 12,
                            "fontWeight": 5,
                            "letterSpacing": 0,
                            "lineHeight": 12,
                          },
                          "type": "Text",
                        },
                      ],
                      "frame": Object {
                        "height": 12,
                        "width": 211,
                        "x": 39,
                        "y": 192,
                      },
                      "points": Array [
                        Object {
                          "x": 39,
                          "y": 192,
                        },
                        Object {
                          "x": 250,
                          "y": 192,
                        },
                        Object {
                          "x": 250,
                          "y": 204,
                        },
                        Object {
                          "x": 39,
                          "y": 204,
                        },
                        Object {
                          "x": 144.5,
                          "y": 198,
                        },
                      ],
                      "style": Object {
                        "flexDirection": "row",
                      },
                      "type": "Block",
                    },
                    Object {
                      "attrs": Object {
                        "text": "服务/商品",
                      },
                      "children": Array [],
                      "frame": Object {
                        "height": 12,
                        "width": 54,
                        "x": 292,
                        "y": 190,
                      },
                      "points": Array [
                        Object {
                          "x": 292,
                          "y": 190,
                        },
                        Object {
                          "x": 346,
                          "y": 190,
                        },
                        Object {
                          "x": 346,
                          "y": 202,
                        },
                        Object {
                          "x": 292,
                          "y": 202,
                        },
                        Object {
                          "x": 319,
                          "y": 196,
                        },
                      ],
                      "style": Object {
                        "alignSelf": "flex-start",
                        "color": "#333333ff",
                        "fontSize": 12,
                        "fontWeight": 5,
                        "letterSpacing": 0,
                        "lineHeight": 12,
                      },
                      "type": "Text",
                    },
                  ],
                  "frame": Object {
                    "height": 14,
                    "width": 307,
                    "x": 39,
                    "y": 190,
                  },
                  "points": Array [
                    Object {
                      "x": 39,
                      "y": 190,
                    },
                    Object {
                      "x": 346,
                      "y": 190,
                    },
                    Object {
                      "x": 346,
                      "y": 204,
                    },
                    Object {
                      "x": 39,
                      "y": 204,
                    },
                    Object {
                      "x": 192.5,
                      "y": 197,
                    },
                  ],
                  "style": Object {
                    "alignItems": "flex-end",
                    "alignSelf": "flex-end",
                    "flexDirection": "row",
                    "justifyContent": "space-between",
                    "paddingBottom": 0,
                    "paddingLeft": 0,
                    "paddingRight": 0,
                  },
                  "type": "Block",
                },
              ],
              "frame": Object {
                "height": 64,
                "width": 311,
                "x": 35,
                "y": 140,
              },
              "points": Array [
                Object {
                  "x": 35,
                  "y": 140,
                },
                Object {
                  "x": 346,
                  "y": 140,
                },
                Object {
                  "x": 346,
                  "y": 204,
                },
                Object {
                  "x": 35,
                  "y": 204,
                },
                Object {
                  "x": 190.5,
                  "y": 172,
                },
              ],
              "style": Object {
                "alignItems": "flex-start",
                "flexDirection": "column",
                "justifyContent": "flex-start",
                "paddingLeft": 0,
                "paddingTop": 0,
              },
              "type": "Block",
            },
          ],
          "frame": Object {
            "height": 224,
            "width": 375,
            "x": 0,
            "y": 0,
          },
          "points": Array [
            Object {
              "x": 0,
              "y": 0,
            },
            Object {
              "x": 375,
              "y": 0,
            },
            Object {
              "x": 375,
              "y": 224,
            },
            Object {
              "x": 0,
              "y": 224,
            },
            Object {
              "x": 187.5,
              "y": 112,
            },
          ],
          "style": Object {},
          "type": "Block",
        },
        Object {
          "attrs": Object {},
          "children": Array [
            Object {
              "attrs": Object {},
              "children": Array [
                Object {
                  "attrs": Object {
                    "text": "充值卡",
                  },
                  "children": Array [],
                  "frame": Object {
                    "height": 16,
                    "width": 48,
                    "x": 25,
                    "y": 252,
                  },
                  "points": Array [
                    Object {
                      "x": 25,
                      "y": 252,
                    },
                    Object {
                      "x": 73,
                      "y": 252,
                    },
                    Object {
                      "x": 73,
                      "y": 268,
                    },
                    Object {
                      "x": 25,
                      "y": 268,
                    },
                    Object {
                      "x": 49,
                      "y": 260,
                    },
                  ],
                  "style": Object {
                    "color": "#333333ff",
                    "fontSize": 16,
                    "fontWeight": 5,
                    "letterSpacing": 0,
                    "lineHeight": 16,
                  },
                  "type": "Text",
                },
                Object {
                  "attrs": Object {
                    "text": "更多充值卡",
                  },
                  "children": Array [],
                  "frame": Object {
                    "height": 12,
                    "width": 60,
                    "x": 282,
                    "y": 254,
                  },
                  "points": Array [
                    Object {
                      "x": 282,
                      "y": 254,
                    },
                    Object {
                      "x": 342,
                      "y": 254,
                    },
                    Object {
                      "x": 342,
                      "y": 266,
                    },
                    Object {
                      "x": 282,
                      "y": 266,
                    },
                    Object {
                      "x": 312,
                      "y": 260,
                    },
                  ],
                  "style": Object {
                    "color": "#b3b3b3ff",
                    "fontSize": 12,
                    "fontWeight": 5,
                    "letterSpacing": 0,
                    "lineHeight": 12,
                  },
                  "type": "Text",
                },
                Object {
                  "attrs": Object {},
                  "children": Array [],
                  "frame": Object {
                    "height": 10,
                    "width": 4,
                    "x": 348,
                    "y": 255,
                  },
                  "points": Array [
                    Object {
                      "x": 348,
                      "y": 255,
                    },
                    Object {
                      "x": 352,
                      "y": 255,
                    },
                    Object {
                      "x": 352,
                      "y": 265,
                    },
                    Object {
                      "x": 348,
                      "y": 265,
                    },
                    Object {
                      "x": 350,
                      "y": 260,
                    },
                  ],
                  "style": Object {},
                  "type": "Block",
                },
              ],
              "frame": Object {
                "height": 48,
                "width": 351,
                "x": 13,
                "y": 236,
              },
              "points": Array [
                Object {
                  "x": 13,
                  "y": 236,
                },
                Object {
                  "x": 364,
                  "y": 236,
                },
                Object {
                  "x": 364,
                  "y": 284,
                },
                Object {
                  "x": 13,
                  "y": 284,
                },
                Object {
                  "x": 188.5,
                  "y": 260,
                },
              ],
              "style": Object {
                "backgroundColor": "#ffffffff",
              },
              "type": "Block",
            },
            Object {
              "attrs": Object {},
              "children": Array [
                Object {
                  "attrs": Object {},
                  "children": Array [
                    Object {
                      "attrs": Object {
                        "text": "黑金VIP黄金卡",
                      },
                      "children": Array [],
                      "frame": Object {
                        "height": 14,
                        "width": 146,
                        "x": 37,
                        "y": 300,
                      },
                      "points": Array [
                        Object {
                          "x": 37,
                          "y": 300,
                        },
                        Object {
                          "x": 183,
                          "y": 300,
                        },
                        Object {
                          "x": 183,
                          "y": 314,
                        },
                        Object {
                          "x": 37,
                          "y": 314,
                        },
                        Object {
                          "x": 110,
                          "y": 307,
                        },
                      ],
                      "style": Object {
                        "color": "#ffffffff",
                        "fontSize": 14,
                        "fontWeight": 5,
                        "letterSpacing": 0,
                        "lineHeight": 14,
                      },
                      "type": "Text",
                    },
                    Object {
                      "attrs": Object {
                        "text": "¥8848",
                      },
                      "children": Array [],
                      "frame": Object {
                        "height": 16,
                        "width": 48,
                        "x": 37,
                        "y": 322,
                      },
                      "points": Array [
                        Object {
                          "x": 37,
                          "y": 322,
                        },
                        Object {
                          "x": 85,
                          "y": 322,
                        },
                        Object {
                          "x": 85,
                          "y": 338,
                        },
                        Object {
                          "x": 37,
                          "y": 338,
                        },
                        Object {
                          "x": 61,
                          "y": 330,
                        },
                      ],
                      "style": Object {
                        "color": "#fff684ff",
                        "fontSize": 16,
                        "fontWeight": 5,
                        "letterSpacing": 0,
                        "lineHeight": 16,
                      },
                      "type": "Text",
                    },
                    Object {
                      "attrs": Object {
                        "text": "永久有效",
                      },
                      "children": Array [],
                      "frame": Object {
                        "height": 12,
                        "width": 48,
                        "x": 37,
                        "y": 356,
                      },
                      "points": Array [
                        Object {
                          "x": 37,
                          "y": 356,
                        },
                        Object {
                          "x": 85,
                          "y": 356,
                        },
                        Object {
                          "x": 85,
                          "y": 368,
                        },
                        Object {
                          "x": 37,
                          "y": 368,
                        },
                        Object {
                          "x": 61,
                          "y": 362,
                        },
                      ],
                      "style": Object {
                        "color": "#ffffffff",
                        "fontSize": 12,
                        "fontWeight": 5,
                        "letterSpacing": 0,
                        "lineHeight": 12,
                      },
                      "type": "Text",
                    },
                  ],
                  "frame": Object {
                    "height": 96,
                    "width": 160,
                    "x": 25,
                    "y": 284,
                  },
                  "points": Array [
                    Object {
                      "x": 25,
                      "y": 284,
                    },
                    Object {
                      "x": 185,
                      "y": 284,
                    },
                    Object {
                      "x": 185,
                      "y": 380,
                    },
                    Object {
                      "x": 25,
                      "y": 380,
                    },
                    Object {
                      "x": 105,
                      "y": 332,
                    },
                  ],
                  "style": Object {
                    "gradient": Object {
                      "aspectRatio": 0,
                      "from": Object {
                        "x": 0.9999999999999998,
                        "y": 0.49999999999999983,
                      },
                      "gradientType": "Linear",
                      "stops": Array [
                        Object {
                          "color": "#5bacfcff",
                          "position": 0,
                        },
                        Object {
                          "color": "#3c75faff",
                          "position": 1,
                        },
                      ],
                      "to": Object {
                        "x": -2.220446049250313e-16,
                        "y": 0.5000000000000002,
                      },
                    },
                    "marginRight": 192,
                  },
                  "type": "Block",
                },
                Object {
                  "attrs": Object {},
                  "children": Array [
                    Object {
                      "attrs": Object {
                        "text": "粉丝珍爱卡",
                      },
                      "children": Array [],
                      "frame": Object {
                        "height": 14,
                        "width": 146,
                        "x": 204,
                        "y": 300,
                      },
                      "points": Array [
                        Object {
                          "x": 204,
                          "y": 300,
                        },
                        Object {
                          "x": 350,
                          "y": 300,
                        },
                        Object {
                          "x": 350,
                          "y": 314,
                        },
                        Object {
                          "x": 204,
                          "y": 314,
                        },
                        Object {
                          "x": 277,
                          "y": 307,
                        },
                      ],
                      "style": Object {
                        "color": "#ffffffff",
                        "fontSize": 14,
                        "fontWeight": 5,
                        "letterSpacing": 0,
                        "lineHeight": 14,
                      },
                      "type": "Text",
                    },
                    Object {
                      "attrs": Object {
                        "text": "¥800",
                      },
                      "children": Array [],
                      "frame": Object {
                        "height": 16,
                        "width": 39,
                        "x": 204,
                        "y": 322,
                      },
                      "points": Array [
                        Object {
                          "x": 204,
                          "y": 322,
                        },
                        Object {
                          "x": 243,
                          "y": 322,
                        },
                        Object {
                          "x": 243,
                          "y": 338,
                        },
                        Object {
                          "x": 204,
                          "y": 338,
                        },
                        Object {
                          "x": 223.5,
                          "y": 330,
                        },
                      ],
                      "style": Object {
                        "color": "#fff684ff",
                        "fontSize": 16,
                        "fontWeight": 5,
                        "letterSpacing": 0,
                        "lineHeight": 16,
                      },
                      "type": "Text",
                    },
                    Object {
                      "attrs": Object {
                        "text": "365天内有效",
                      },
                      "children": Array [],
                      "frame": Object {
                        "height": 12,
                        "width": 70,
                        "x": 204,
                        "y": 356,
                      },
                      "points": Array [
                        Object {
                          "x": 204,
                          "y": 356,
                        },
                        Object {
                          "x": 274,
                          "y": 356,
                        },
                        Object {
                          "x": 274,
                          "y": 368,
                        },
                        Object {
                          "x": 204,
                          "y": 368,
                        },
                        Object {
                          "x": 239,
                          "y": 362,
                        },
                      ],
                      "style": Object {
                        "color": "#ffffffff",
                        "fontSize": 12,
                        "fontWeight": 5,
                        "letterSpacing": 0,
                        "lineHeight": 12,
                      },
                      "type": "Text",
                    },
                  ],
                  "frame": Object {
                    "height": 96,
                    "width": 160,
                    "x": 192,
                    "y": 284,
                  },
                  "points": Array [
                    Object {
                      "x": 192,
                      "y": 284,
                    },
                    Object {
                      "x": 352,
                      "y": 284,
                    },
                    Object {
                      "x": 352,
                      "y": 380,
                    },
                    Object {
                      "x": 192,
                      "y": 380,
                    },
                    Object {
                      "x": 272,
                      "y": 332,
                    },
                  ],
                  "style": Object {
                    "gradient": Object {
                      "aspectRatio": 0,
                      "from": Object {
                        "x": 0.9999999999999998,
                        "y": 0.49999999999999983,
                      },
                      "gradientType": "Linear",
                      "stops": Array [
                        Object {
                          "color": "#5bacfcff",
                          "position": 0,
                        },
                        Object {
                          "color": "#3c75faff",
                          "position": 1,
                        },
                      ],
                      "to": Object {
                        "x": -2.220446049250313e-16,
                        "y": 0.5000000000000002,
                      },
                    },
                  },
                  "type": "Block",
                },
              ],
              "frame": Object {
                "height": 96,
                "width": 327,
                "x": 25,
                "y": 284,
              },
              "points": Array [
                Object {
                  "x": 25,
                  "y": 284,
                },
                Object {
                  "x": 352,
                  "y": 284,
                },
                Object {
                  "x": 352,
                  "y": 380,
                },
                Object {
                  "x": 25,
                  "y": 380,
                },
                Object {
                  "x": 188.5,
                  "y": 332,
                },
              ],
              "style": Object {
                "alignItems": "center",
                "flexDirection": "row",
                "justifyContent": "flex-start",
                "paddingLeft": 0,
              },
              "type": "Block",
            },
          ],
          "frame": Object {
            "height": 144,
            "width": 351,
            "x": 13,
            "y": 236,
          },
          "points": Array [
            Object {
              "x": 13,
              "y": 236,
            },
            Object {
              "x": 364,
              "y": 236,
            },
            Object {
              "x": 364,
              "y": 380,
            },
            Object {
              "x": 13,
              "y": 380,
            },
            Object {
              "x": 188.5,
              "y": 308,
            },
          ],
          "style": Object {
            "alignItems": "center",
            "alignSelf": "flex-start",
            "flexDirection": "column",
            "justifyContent": "flex-start",
            "marginLeft": 13,
            "paddingTop": 0,
          },
          "type": "Block",
        },
      ],
      "frame": Object {
        "height": 392,
        "width": 375,
        "x": 0,
        "y": 0,
      },
      "points": Array [
        Object {
          "x": 0,
          "y": 0,
        },
        Object {
          "x": 375,
          "y": 0,
        },
        Object {
          "x": 375,
          "y": 392,
        },
        Object {
          "x": 0,
          "y": 392,
        },
        Object {
          "x": 187.5,
          "y": 196,
        },
      ],
      "style": Object {
        "alignItems": "center",
        "flexDirection": "column",
        "justifyContent": "flex-start",
        "paddingTop": 0,
      },
      "type": "Block",
    },
    Object {
      "attrs": Object {},
      "children": Array [
        Object {
          "attrs": Object {
            "text": "为您推荐",
          },
          "children": Array [],
          "frame": Object {
            "height": 16,
            "width": 64,
            "x": 22,
            "y": 421,
          },
          "points": Array [
            Object {
              "x": 22,
              "y": 421,
            },
            Object {
              "x": 86,
              "y": 421,
            },
            Object {
              "x": 86,
              "y": 437,
            },
            Object {
              "x": 22,
              "y": 437,
            },
            Object {
              "x": 54,
              "y": 429,
            },
          ],
          "style": Object {
            "alignSelf": "flex-start",
            "color": "#333333ff",
            "fontSize": 16,
            "fontWeight": 5,
            "letterSpacing": 0,
            "lineHeight": 16,
          },
          "type": "Text",
        },
        Object {
          "attrs": Object {},
          "children": Array [
            Object {
              "attrs": Object {},
              "children": Array [
                Object {
                  "attrs": Object {
                    "src": "./img/img0.png",
                  },
                  "children": Array [],
                  "frame": Object {
                    "height": 80,
                    "width": 80,
                    "x": 23,
                    "y": 452,
                  },
                  "points": Array [
                    Object {
                      "x": 23,
                      "y": 452,
                    },
                    Object {
                      "x": 103,
                      "y": 452,
                    },
                    Object {
                      "x": 103,
                      "y": 532,
                    },
                    Object {
                      "x": 23,
                      "y": 532,
                    },
                    Object {
                      "x": 63,
                      "y": 492,
                    },
                  ],
                  "style": Object {},
                  "type": "Image",
                },
                Object {
                  "attrs": Object {
                    "text": "大型犬只野兽派洗剪吹，凶悍大叔专业洗狗12年，洗遍天下无敌狗啦啦…",
                  },
                  "children": Array [],
                  "frame": Object {
                    "height": 36,
                    "width": 235,
                    "x": 115,
                    "y": 456,
                  },
                  "points": Array [
                    Object {
                      "x": 115,
                      "y": 456,
                    },
                    Object {
                      "x": 350,
                      "y": 456,
                    },
                    Object {
                      "x": 350,
                      "y": 492,
                    },
                    Object {
                      "x": 115,
                      "y": 492,
                    },
                    Object {
                      "x": 232.5,
                      "y": 474,
                    },
                  ],
                  "style": Object {
                    "color": "#333333ff",
                    "fontSize": 14,
                    "fontWeight": 5,
                    "letterSpacing": 0,
                    "lineHeight": 18,
                  },
                  "type": "Text",
                },
                Object {
                  "attrs": Object {
                    "text": "¥20～¥160",
                  },
                  "children": Array [],
                  "frame": Object {
                    "height": 16,
                    "width": 81,
                    "x": 115,
                    "y": 512,
                  },
                  "points": Array [
                    Object {
                      "x": 115,
                      "y": 512,
                    },
                    Object {
                      "x": 196,
                      "y": 512,
                    },
                    Object {
                      "x": 196,
                      "y": 528,
                    },
                    Object {
                      "x": 115,
                      "y": 528,
                    },
                    Object {
                      "x": 155.5,
                      "y": 520,
                    },
                  ],
                  "style": Object {
                    "color": "#ff6600ff",
                    "fontSize": 16,
                    "fontWeight": 5,
                    "letterSpacing": 0,
                    "lineHeight": 16,
                  },
                  "type": "Text",
                },
              ],
              "frame": Object {
                "height": 80,
                "width": 327,
                "x": 23,
                "y": 452,
              },
              "points": Array [
                Object {
                  "x": 23,
                  "y": 452,
                },
                Object {
                  "x": 350,
                  "y": 452,
                },
                Object {
                  "x": 350,
                  "y": 532,
                },
                Object {
                  "x": 23,
                  "y": 532,
                },
                Object {
                  "x": 186.5,
                  "y": 492,
                },
              ],
              "style": Object {},
              "type": "Block",
            },
            Object {
              "attrs": Object {},
              "children": Array [
                Object {
                  "attrs": Object {
                    "src": "./img/img2.png",
                  },
                  "children": Array [],
                  "frame": Object {
                    "height": 80,
                    "width": 80,
                    "x": 23,
                    "y": 544,
                  },
                  "points": Array [
                    Object {
                      "x": 23,
                      "y": 544,
                    },
                    Object {
                      "x": 103,
                      "y": 544,
                    },
                    Object {
                      "x": 103,
                      "y": 624,
                    },
                    Object {
                      "x": 23,
                      "y": 624,
                    },
                    Object {
                      "x": 63,
                      "y": 584,
                    },
                  ],
                  "style": Object {},
                  "type": "Image",
                },
                Object {
                  "attrs": Object {
                    "text": "大型犬野兽派洗剪吹A套餐",
                  },
                  "children": Array [],
                  "frame": Object {
                    "height": 18,
                    "width": 235,
                    "x": 115,
                    "y": 548,
                  },
                  "points": Array [
                    Object {
                      "x": 115,
                      "y": 548,
                    },
                    Object {
                      "x": 350,
                      "y": 548,
                    },
                    Object {
                      "x": 350,
                      "y": 566,
                    },
                    Object {
                      "x": 115,
                      "y": 566,
                    },
                    Object {
                      "x": 232.5,
                      "y": 557,
                    },
                  ],
                  "style": Object {
                    "color": "#333333ff",
                    "fontSize": 14,
                    "fontWeight": 5,
                    "letterSpacing": 0,
                    "lineHeight": 18,
                  },
                  "type": "Text",
                },
                Object {
                  "attrs": Object {
                    "text": "¥20～¥75",
                  },
                  "children": Array [],
                  "frame": Object {
                    "height": 16,
                    "width": 73,
                    "x": 115,
                    "y": 604,
                  },
                  "points": Array [
                    Object {
                      "x": 115,
                      "y": 604,
                    },
                    Object {
                      "x": 188,
                      "y": 604,
                    },
                    Object {
                      "x": 188,
                      "y": 620,
                    },
                    Object {
                      "x": 115,
                      "y": 620,
                    },
                    Object {
                      "x": 151.5,
                      "y": 612,
                    },
                  ],
                  "style": Object {
                    "color": "#ff6600ff",
                    "fontSize": 16,
                    "fontWeight": 5,
                    "letterSpacing": 0,
                    "lineHeight": 16,
                  },
                  "type": "Text",
                },
              ],
              "frame": Object {
                "height": 80,
                "width": 327,
                "x": 23,
                "y": 544,
              },
              "points": Array [
                Object {
                  "x": 23,
                  "y": 544,
                },
                Object {
                  "x": 350,
                  "y": 544,
                },
                Object {
                  "x": 350,
                  "y": 624,
                },
                Object {
                  "x": 23,
                  "y": 624,
                },
                Object {
                  "x": 186.5,
                  "y": 584,
                },
              ],
              "style": Object {},
              "type": "Block",
            },
            Object {
              "attrs": Object {},
              "children": Array [
                Object {
                  "attrs": Object {
                    "src": "./img/img1.png",
                  },
                  "children": Array [],
                  "frame": Object {
                    "height": 80,
                    "width": 80,
                    "x": 23,
                    "y": 636,
                  },
                  "points": Array [
                    Object {
                      "x": 23,
                      "y": 636,
                    },
                    Object {
                      "x": 103,
                      "y": 636,
                    },
                    Object {
                      "x": 103,
                      "y": 716,
                    },
                    Object {
                      "x": 23,
                      "y": 716,
                    },
                    Object {
                      "x": 63,
                      "y": 676,
                    },
                  ],
                  "style": Object {},
                  "type": "Image",
                },
                Object {
                  "attrs": Object {
                    "text": "大型犬只野兽派洗剪吹，凶悍大叔专业洗狗12年，洗遍天下狗",
                  },
                  "children": Array [],
                  "frame": Object {
                    "height": 36,
                    "width": 235,
                    "x": 115,
                    "y": 640,
                  },
                  "points": Array [
                    Object {
                      "x": 115,
                      "y": 640,
                    },
                    Object {
                      "x": 350,
                      "y": 640,
                    },
                    Object {
                      "x": 350,
                      "y": 676,
                    },
                    Object {
                      "x": 115,
                      "y": 676,
                    },
                    Object {
                      "x": 232.5,
                      "y": 658,
                    },
                  ],
                  "style": Object {
                    "color": "#333333ff",
                    "fontSize": 14,
                    "fontWeight": 5,
                    "letterSpacing": 0,
                    "lineHeight": 18,
                  },
                  "type": "Text",
                },
                Object {
                  "attrs": Object {
                    "text": "¥20～¥160",
                  },
                  "children": Array [],
                  "frame": Object {
                    "height": 16,
                    "width": 81,
                    "x": 115,
                    "y": 696,
                  },
                  "points": Array [
                    Object {
                      "x": 115,
                      "y": 696,
                    },
                    Object {
                      "x": 196,
                      "y": 696,
                    },
                    Object {
                      "x": 196,
                      "y": 712,
                    },
                    Object {
                      "x": 115,
                      "y": 712,
                    },
                    Object {
                      "x": 155.5,
                      "y": 704,
                    },
                  ],
                  "style": Object {
                    "color": "#ff6600ff",
                    "fontSize": 16,
                    "fontWeight": 5,
                    "letterSpacing": 0,
                    "lineHeight": 16,
                  },
                  "type": "Text",
                },
              ],
              "frame": Object {
                "height": 80,
                "width": 327,
                "x": 23,
                "y": 636,
              },
              "points": Array [
                Object {
                  "x": 23,
                  "y": 636,
                },
                Object {
                  "x": 350,
                  "y": 636,
                },
                Object {
                  "x": 350,
                  "y": 716,
                },
                Object {
                  "x": 23,
                  "y": 716,
                },
                Object {
                  "x": 186.5,
                  "y": 676,
                },
              ],
              "style": Object {},
              "type": "Block",
            },
            Object {
              "attrs": Object {},
              "children": Array [
                Object {
                  "attrs": Object {
                    "src": "./img/img3.png",
                  },
                  "children": Array [],
                  "frame": Object {
                    "height": 80,
                    "width": 80,
                    "x": 24,
                    "y": 727,
                  },
                  "points": Array [
                    Object {
                      "x": 24,
                      "y": 727,
                    },
                    Object {
                      "x": 104,
                      "y": 727,
                    },
                    Object {
                      "x": 104,
                      "y": 807,
                    },
                    Object {
                      "x": 24,
                      "y": 807,
                    },
                    Object {
                      "x": 64,
                      "y": 767,
                    },
                  ],
                  "style": Object {},
                  "type": "Image",
                },
                Object {
                  "attrs": Object {
                    "text": "小型犬洗剪吹B套餐",
                  },
                  "children": Array [],
                  "frame": Object {
                    "height": 18,
                    "width": 235,
                    "x": 115,
                    "y": 731,
                  },
                  "points": Array [
                    Object {
                      "x": 115,
                      "y": 731,
                    },
                    Object {
                      "x": 350,
                      "y": 731,
                    },
                    Object {
                      "x": 350,
                      "y": 749,
                    },
                    Object {
                      "x": 115,
                      "y": 749,
                    },
                    Object {
                      "x": 232.5,
                      "y": 740,
                    },
                  ],
                  "style": Object {
                    "color": "#333333ff",
                    "fontSize": 14,
                    "fontWeight": 5,
                    "letterSpacing": 0,
                    "lineHeight": 18,
                  },
                  "type": "Text",
                },
                Object {
                  "attrs": Object {
                    "text": "¥20～¥75",
                  },
                  "children": Array [],
                  "frame": Object {
                    "height": 16,
                    "width": 73,
                    "x": 115,
                    "y": 787,
                  },
                  "points": Array [
                    Object {
                      "x": 115,
                      "y": 787,
                    },
                    Object {
                      "x": 188,
                      "y": 787,
                    },
                    Object {
                      "x": 188,
                      "y": 803,
                    },
                    Object {
                      "x": 115,
                      "y": 803,
                    },
                    Object {
                      "x": 151.5,
                      "y": 795,
                    },
                  ],
                  "style": Object {
                    "color": "#ff6600ff",
                    "fontSize": 16,
                    "fontWeight": 5,
                    "letterSpacing": 0,
                    "lineHeight": 16,
                  },
                  "type": "Text",
                },
              ],
              "frame": Object {
                "height": 80,
                "width": 326,
                "x": 24,
                "y": 727,
              },
              "points": Array [
                Object {
                  "x": 24,
                  "y": 727,
                },
                Object {
                  "x": 350,
                  "y": 727,
                },
                Object {
                  "x": 350,
                  "y": 807,
                },
                Object {
                  "x": 24,
                  "y": 807,
                },
                Object {
                  "x": 187,
                  "y": 767,
                },
              ],
              "style": Object {
                "alignSelf": "flex-end",
              },
              "type": "Block",
            },
          ],
          "frame": Object {
            "height": 355,
            "width": 327,
            "x": 23,
            "y": 452,
          },
          "points": Array [
            Object {
              "x": 23,
              "y": 452,
            },
            Object {
              "x": 350,
              "y": 452,
            },
            Object {
              "x": 350,
              "y": 807,
            },
            Object {
              "x": 23,
              "y": 807,
            },
            Object {
              "x": 186.5,
              "y": 629.5,
            },
          ],
          "style": Object {
            "alignItems": "center",
            "flexDirection": "column",
            "justifyContent": "flex-start",
            "paddingTop": 0,
          },
          "type": "Block",
        },
        Object {
          "attrs": Object {
            "text": "更多服务/商品",
          },
          "children": Array [],
          "frame": Object {
            "height": 14,
            "width": 91,
            "x": 141.5,
            "y": 831,
          },
          "points": Array [
            Object {
              "x": 141.5,
              "y": 831,
            },
            Object {
              "x": 232.5,
              "y": 831,
            },
            Object {
              "x": 232.5,
              "y": 845,
            },
            Object {
              "x": 141.5,
              "y": 845,
            },
            Object {
              "x": 187,
              "y": 838,
            },
          ],
          "style": Object {
            "alignSelf": "flex-start",
            "color": "#ff6600ff",
            "fontSize": 14,
            "fontWeight": 5,
            "letterSpacing": 0,
            "lineHeight": 14,
            "marginLeft": 130.5,
          },
          "type": "Text",
        },
      ],
      "frame": Object {
        "height": 450,
        "width": 351,
        "x": 11,
        "y": 406,
      },
      "points": Array [
        Object {
          "x": 11,
          "y": 406,
        },
        Object {
          "x": 362,
          "y": 406,
        },
        Object {
          "x": 362,
          "y": 856,
        },
        Object {
          "x": 11,
          "y": 856,
        },
        Object {
          "x": 186.5,
          "y": 631,
        },
      ],
      "style": Object {
        "alignItems": "center",
        "alignSelf": "flex-start",
        "flexDirection": "column",
        "justifyContent": "flex-start",
        "marginLeft": 11,
        "paddingTop": 15,
      },
      "type": "Block",
    },
    Object {
      "attrs": Object {
        "text": "————＞ω＜我是有底线的————",
      },
      "children": Array [],
      "frame": Object {
        "height": 12,
        "width": 201,
        "x": 87,
        "y": 880,
      },
      "points": Array [
        Object {
          "x": 87,
          "y": 880,
        },
        Object {
          "x": 288,
          "y": 880,
        },
        Object {
          "x": 288,
          "y": 892,
        },
        Object {
          "x": 87,
          "y": 892,
        },
        Object {
          "x": 187.5,
          "y": 886,
        },
      ],
      "style": Object {
        "color": "#b3b3b3ff",
        "fontSize": 12,
        "fontWeight": 5,
        "letterSpacing": 0,
        "lineHeight": 12,
      },
      "type": "Text",
    },
  ],
  "frame": Object {
    "height": 892,
    "width": 375,
    "x": 0,
    "y": 0,
  },
  "points": Array [
    Object {
      "x": 0,
      "y": 0,
    },
    Object {
      "x": 375,
      "y": 0,
    },
    Object {
      "x": 375,
      "y": 892,
    },
    Object {
      "x": 0,
      "y": 892,
    },
    Object {
      "x": 187.5,
      "y": 446,
    },
  ],
  "style": Object {
    "alignItems": "center",
    "flexDirection": "column",
    "justifyContent": "flex-start",
    "paddingTop": 0,
  },
  "type": "Block",
}
`;
