// Jest Snapshot v1, https://goo.gl/fbAQLP

exports[`首页布局代码生成: index-layout 1`] = `
Object {
  "attrs": Object {},
  "children": Array [
    Object {
      "attrs": Object {},
      "children": Array [
        Object {
          "attrs": Object {},
          "children": Array [
            Object {
              "attrs": Object {
                "src": "./img/img4.png",
              },
              "children": Array [],
              "type": "Image",
            },
            Object {
              "attrs": Object {},
              "children": Array [
                Object {
                  "attrs": Object {
                    "text": "提莫的蘑菇摊儿",
                  },
                  "children": Array [],
                  "type": "Text",
                },
                Object {
                  "attrs": Object {
                    "text": "南京市玄武区龙蟠路618号毛孩子广场F1-1001",
                  },
                  "children": Array [],
                  "type": "Text",
                },
              ],
              "type": "Block",
            },
          ],
          "type": "Block",
        },
        Object {
          "attrs": Object {},
          "children": Array [
            Object {
              "attrs": Object {},
              "children": Array [
                Object {
                  "attrs": Object {},
                  "children": Array [
                    Object {
                      "attrs": Object {},
                      "children": Array [
                        Object {
                          "attrs": Object {},
                          "children": Array [],
                          "type": "Block",
                        },
                        Object {
                          "attrs": Object {
                            "text": "优惠券",
                          },
                          "children": Array [],
                          "type": "Text",
                        },
                      ],
                      "type": "Block",
                    },
                    Object {
                      "attrs": Object {},
                      "children": Array [
                        Object {
                          "attrs": Object {},
                          "children": Array [],
                          "type": "Block",
                        },
                        Object {
                          "attrs": Object {
                            "text": "计次卡",
                          },
                          "children": Array [],
                          "type": "Text",
                        },
                      ],
                      "type": "Block",
                    },
                  ],
                  "type": "Block",
                },
                Object {
                  "attrs": Object {},
                  "children": Array [
                    Object {
                      "attrs": Object {},
                      "children": Array [],
                      "type": "Block",
                    },
                    Object {
                      "attrs": Object {
                        "text": "充值卡",
                      },
                      "children": Array [],
                      "type": "Text",
                    },
                  ],
                  "type": "Block",
                },
              ],
              "extraInfo": Object {
                "sameNode": true,
              },
              "type": "Block",
            },
            Object {
              "attrs": Object {},
              "children": Array [
                Object {
                  "attrs": Object {},
                  "children": Array [],
                  "type": "Block",
                },
                Object {
                  "attrs": Object {
                    "text": "服务/商品",
                  },
                  "children": Array [],
                  "type": "Text",
                },
              ],
              "type": "Block",
            },
          ],
          "type": "Block",
        },
      ],
      "type": "Block",
    },
    Object {
      "attrs": Object {},
      "children": Array [
        Object {
          "attrs": Object {},
          "children": Array [
            Object {
              "attrs": Object {
                "text": "充值卡",
              },
              "children": Array [],
              "type": "Text",
            },
            Object {
              "attrs": Object {},
              "children": Array [
                Object {
                  "attrs": Object {},
                  "children": Array [],
                  "type": "Block",
                },
                Object {
                  "attrs": Object {
                    "text": "更多充值卡",
                  },
                  "children": Array [],
                  "type": "Text",
                },
              ],
              "type": "Block",
            },
          ],
          "type": "Block",
        },
        Object {
          "attrs": Object {},
          "children": Array [
            Object {
              "attrs": Object {},
              "children": Array [
                Object {
                  "attrs": Object {
                    "text": "黑金VIP黄金卡",
                  },
                  "children": Array [],
                  "type": "Text",
                },
                Object {
                  "attrs": Object {
                    "text": "¥8848",
                  },
                  "children": Array [],
                  "type": "Text",
                },
                Object {
                  "attrs": Object {
                    "text": "永久有效",
                  },
                  "children": Array [],
                  "type": "Text",
                },
              ],
              "type": "Block",
            },
            Object {
              "attrs": Object {},
              "children": Array [
                Object {
                  "attrs": Object {
                    "text": "粉丝珍爱卡",
                  },
                  "children": Array [],
                  "type": "Text",
                },
                Object {
                  "attrs": Object {
                    "text": "¥800",
                  },
                  "children": Array [],
                  "type": "Text",
                },
                Object {
                  "attrs": Object {
                    "text": "365天内有效",
                  },
                  "children": Array [],
                  "type": "Text",
                },
              ],
              "type": "Block",
            },
          ],
          "type": "Block",
        },
      ],
      "type": "Block",
    },
    Object {
      "attrs": Object {},
      "children": Array [
        Object {
          "attrs": Object {
            "text": "为您推荐",
          },
          "children": Array [],
          "type": "Text",
        },
        Object {
          "attrs": Object {},
          "children": Array [
            Object {
              "attrs": Object {},
              "children": Array [
                Object {
                  "attrs": Object {
                    "src": "./img/img0.png",
                  },
                  "children": Array [],
                  "type": "Image",
                },
                Object {
                  "attrs": Object {
                    "text": "大型犬只野兽派洗剪吹，凶悍大叔专业洗狗12年，洗遍天下无敌狗啦啦…",
                  },
                  "children": Array [],
                  "type": "Text",
                },
                Object {
                  "attrs": Object {
                    "text": "¥20～¥160",
                  },
                  "children": Array [],
                  "type": "Text",
                },
              ],
              "type": "Block",
            },
            Object {
              "attrs": Object {},
              "children": Array [
                Object {
                  "attrs": Object {
                    "src": "./img/img2.png",
                  },
                  "children": Array [],
                  "type": "Image",
                },
                Object {
                  "attrs": Object {
                    "text": "大型犬野兽派洗剪吹A套餐",
                  },
                  "children": Array [],
                  "type": "Text",
                },
                Object {
                  "attrs": Object {
                    "text": "¥20～¥75",
                  },
                  "children": Array [],
                  "type": "Text",
                },
              ],
              "type": "Block",
            },
            Object {
              "attrs": Object {},
              "children": Array [
                Object {
                  "attrs": Object {
                    "src": "./img/img1.png",
                  },
                  "children": Array [],
                  "type": "Image",
                },
                Object {
                  "attrs": Object {
                    "text": "大型犬只野兽派洗剪吹，凶悍大叔专业洗狗12年，洗遍天下狗",
                  },
                  "children": Array [],
                  "type": "Text",
                },
                Object {
                  "attrs": Object {
                    "text": "¥20～¥160",
                  },
                  "children": Array [],
                  "type": "Text",
                },
              ],
              "type": "Block",
            },
            Object {
              "attrs": Object {},
              "children": Array [
                Object {
                  "attrs": Object {
                    "src": "./img/img3.png",
                  },
                  "children": Array [],
                  "type": "Image",
                },
                Object {
                  "attrs": Object {
                    "text": "小型犬洗剪吹B套餐",
                  },
                  "children": Array [],
                  "type": "Text",
                },
                Object {
                  "attrs": Object {
                    "text": "¥20～¥75",
                  },
                  "children": Array [],
                  "type": "Text",
                },
              ],
              "type": "Block",
            },
          ],
          "extraInfo": Object {
            "sameNode": true,
          },
          "type": "Block",
        },
        Object {
          "attrs": Object {
            "text": "更多服务/商品",
          },
          "children": Array [],
          "type": "Text",
        },
      ],
      "type": "Block",
    },
    Object {
      "attrs": Object {
        "text": "————＞ω＜我是有底线的————",
      },
      "children": Array [],
      "type": "Text",
    },
  ],
  "type": "Block",
}
`;
